Archive member included to satisfy reference by file (symbol)

Generated_Source\PSoC6\pdl\middleware\emWin\libs\GCC\libemWin_nosnts_gcc.a(F16B_1.o)
                              .\CortexM4\ARM_GCC_541\Debug\Display.o (GUI_Font16B_1)
Generated_Source\PSoC6\pdl\middleware\emWin\libs\GCC\libemWin_nosnts_gcc.a(F16B_ASCII.o)
                              Generated_Source\PSoC6\pdl\middleware\emWin\libs\GCC\libemWin_nosnts_gcc.a(F16B_1.o) (GUI_Font16B_ASCII_Prop1)
Generated_Source\PSoC6\pdl\middleware\emWin\libs\GCC\libemWin_nosnts_gcc.a(F24B_1.o)
                              .\CortexM4\ARM_GCC_541\Debug\Display.o (GUI_Font24B_1)
Generated_Source\PSoC6\pdl\middleware\emWin\libs\GCC\libemWin_nosnts_gcc.a(F24B_ASCII.o)
                              Generated_Source\PSoC6\pdl\middleware\emWin\libs\GCC\libemWin_nosnts_gcc.a(F24B_1.o) (GUI_Font24B_ASCII_Prop1)
Generated_Source\PSoC6\pdl\middleware\emWin\libs\GCC\libemWin_nosnts_gcc.a(F32B_1.o)
                              .\CortexM4\ARM_GCC_541\Debug\Display.o (GUI_Font32B_1)
Generated_Source\PSoC6\pdl\middleware\emWin\libs\GCC\libemWin_nosnts_gcc.a(F32B_ASCII.o)
                              Generated_Source\PSoC6\pdl\middleware\emWin\libs\GCC\libemWin_nosnts_gcc.a(F32B_1.o) (GUI_Font32B_ASCII_Prop1)
Generated_Source\PSoC6\pdl\middleware\emWin\libs\GCC\libemWin_nosnts_gcc.a(F6x8.o)
                              .\CortexM4\ARM_GCC_541\Debug\GUIConf.o (GUI_Font6x8)
Generated_Source\PSoC6\pdl\middleware\emWin\libs\GCC\libemWin_nosnts_gcc.a(GUI_2DLib.o)
                              .\CortexM4\ARM_GCC_541\Debug\Display.o (GUI_DrawRect)
Generated_Source\PSoC6\pdl\middleware\emWin\libs\GCC\libemWin_nosnts_gcc.a(GUI_Alloc.o)
                              .\CortexM4\ARM_GCC_541\Debug\GUIConf.o (GUI_ALLOC_AssignMemory)
Generated_Source\PSoC6\pdl\middleware\emWin\libs\GCC\libemWin_nosnts_gcc.a(GUI_CharM.o)
                              Generated_Source\PSoC6\pdl\middleware\emWin\libs\GCC\libemWin_nosnts_gcc.a(F6x8.o) (GUIMONO_DispChar)
Generated_Source\PSoC6\pdl\middleware\emWin\libs\GCC\libemWin_nosnts_gcc.a(GUI_CharP.o)
                              Generated_Source\PSoC6\pdl\middleware\emWin\libs\GCC\libemWin_nosnts_gcc.a(F16B_1.o) (GUIPROP_DispChar)
Generated_Source\PSoC6\pdl\middleware\emWin\libs\GCC\libemWin_nosnts_gcc.a(GUI_Common.o)
                              Generated_Source\PSoC6\pdl\middleware\emWin\libs\GCC\libemWin_nosnts_gcc.a(GUI_CharP.o) (GUI_GetBkColor)
Generated_Source\PSoC6\pdl\middleware\emWin\libs\GCC\libemWin_nosnts_gcc.a(GUI_Core.o)
                              Generated_Source\PSoC6\pdl\middleware\emWin\libs\GCC\libemWin_nosnts_gcc.a(GUI_Common.o) (GUI__apDevice)
Generated_Source\PSoC6\pdl\middleware\emWin\libs\GCC\libemWin_nosnts_gcc.a(GUI_Device.o)
                              .\CortexM4\ARM_GCC_541\Debug\LCDConf.o (GUI_DEVICE_CreateAndLink)
Generated_Source\PSoC6\pdl\middleware\emWin\libs\GCC\libemWin_nosnts_gcc.a(GUI_DispString.o)
                              Generated_Source\PSoC6\pdl\middleware\emWin\libs\GCC\libemWin_nosnts_gcc.a(GUI_Common.o) (GUI_DispString)
Generated_Source\PSoC6\pdl\middleware\emWin\libs\GCC\libemWin_nosnts_gcc.a(GUI_DispStringInRectEx.o)
                              Generated_Source\PSoC6\pdl\middleware\emWin\libs\GCC\libemWin_nosnts_gcc.a(GUI_DispString.o) (GUI_DispStringInRectEx)
Generated_Source\PSoC6\pdl\middleware\emWin\libs\GCC\libemWin_nosnts_gcc.a(GUI_DrawLib.o)
                              .\CortexM4\ARM_GCC_541\Debug\Display.o (GUI_FillRect)
Generated_Source\PSoC6\pdl\middleware\emWin\libs\GCC\libemWin_nosnts_gcc.a(GUI_DrawLine.o)
                              .\CortexM4\ARM_GCC_541\Debug\Display.o (GUI_DrawLine)
Generated_Source\PSoC6\pdl\middleware\emWin\libs\GCC\libemWin_nosnts_gcc.a(GUI_FillPolygon.o)
                              Generated_Source\PSoC6\pdl\middleware\emWin\libs\GCC\libemWin_nosnts_gcc.a(GUI_DrawLine.o) (GL_FillPolygon)
Generated_Source\PSoC6\pdl\middleware\emWin\libs\GCC\libemWin_nosnts_gcc.a(GUI_OnKey.o)
                              Generated_Source\PSoC6\pdl\middleware\emWin\libs\GCC\libemWin_nosnts_gcc.a(GUI_Common.o) (GUI_GetKey)
Generated_Source\PSoC6\pdl\middleware\emWin\libs\GCC\libemWin_nosnts_gcc.a(GUI_SPLINE.o)
                              .\CortexM4\ARM_GCC_541\Debug\Display.o (GUI_SPLINE_Create)
Generated_Source\PSoC6\pdl\middleware\emWin\libs\GCC\libemWin_nosnts_gcc.a(GUI_Time.o)
                              .\CortexM4\ARM_GCC_541\Debug\LCDConf.o (GUI_Delay)
Generated_Source\PSoC6\pdl\middleware\emWin\libs\GCC\libemWin_nosnts_gcc.a(GUI_UC.o)
                              Generated_Source\PSoC6\pdl\middleware\emWin\libs\GCC\libemWin_nosnts_gcc.a(GUI_DispString.o) (GUI_UC__GetCharCodeInc)
Generated_Source\PSoC6\pdl\middleware\emWin\libs\GCC\libemWin_nosnts_gcc.a(GUI_UC_EncodeNone.o)
                              Generated_Source\PSoC6\pdl\middleware\emWin\libs\GCC\libemWin_nosnts_gcc.a(GUI_Core.o) (GUI_UC_None)
[...]
Memory Configuration

Name             Origin             Length             Attributes
ram              0x08024000         0x00023800         xrw
flash            0x10080000         0x00080000         xr
em_eeprom        0x14000000         0x00008000         xr
sflash_user_data 0x16000800         0x00000800         xr
sflash_nar       0x16001a00         0x00000200         xr
sflash_public_key 0x16005a00         0x00000c00         xr
sflash_toc_2     0x16007c00         0x00000200         xr
sflash_rtoc_2    0x16007e00         0x00000200         xr
xip              0x18000000         0x08000000         xr
efuse            0x90700000         0x00100000         r
*default*        0x00000000         0xffffffff

Linker script and memory map

LOAD c:/program files (x86)/cypress/psoc creator/4.3/psoc creator/import/gnu/arm/5.4.1/bin/../lib/gcc/arm-none-eabi/5.4.1/armv7e-m/softfp/crti.o
LOAD c:/program files (x86)/cypress/psoc creator/4.3/psoc creator/import/gnu/arm/5.4.1/bin/../lib/gcc/arm-none-eabi/5.4.1/armv7e-m/softfp/crtbegin.o
LOAD c:/program files (x86)/cypress/psoc creator/4.3/psoc creator/import/gnu/arm/5.4.1/bin/../lib/gcc/arm-none-eabi/5.4.1/../../../../arm-none-eabi/lib/armv7e-m/softfp/crt0.o
START GROUP
LOAD Generated_Source\PSoC6\pdl\middleware\emWin\libs\GCC\libemWin_nosnts_gcc.a
LOAD .\CortexM4\ARM_GCC_541\Debug\startup_psoc6_01_cm4.o
LOAD .\CortexM4\ARM_GCC_541\Debug\main_cm4.o
LOAD .\CortexM4\ARM_GCC_541\Debug\system_psoc6_cm4.o
LOAD .\CortexM4\ARM_GCC_541\Debug\Commands.o
LOAD .\CortexM4\ARM_GCC_541\Debug\Calculations.o
LOAD .\CortexM4\ARM_GCC_541\Debug\Display.o
LOAD .\CortexM4\ARM_GCC_541\Debug\GUI_X.o
LOAD .\CortexM4\ARM_GCC_541\Debug\GUIConf.o
LOAD .\CortexM4\ARM_GCC_541\Debug\LCDConf.o
LOAD .\CortexM4\ARM_GCC_541\Debug\stdio_user.o
LOAD .\CortexM4\ARM_GCC_541\Debug\cyfitter_sysint_cfg.o
LOAD .\CortexM4\ARM_GCC_541\Debug\cymetadata.o
LOAD .\CortexM4\ARM_GCC_541\Debug\GraphicLCDIntf_1.o
LOAD .\CortexM4\ARM_GCC_541\Debug\GraphicLCDIntf_1_PM.o
LOAD .\CortexM4\ARM_GCC_541\Debug\cy_efuse.o
LOAD .\CortexM4\ARM_GCC_541\Debug\cy_flash.o
LOAD .\CortexM4\ARM_GCC_541\Debug\cy_gpio.o
LOAD .\CortexM4\ARM_GCC_541\Debug\cy_ipc_drv.o
LOAD .\CortexM4\ARM_GCC_541\Debug\cy_ipc_sema.o
LOAD .\CortexM4\ARM_GCC_541\Debug\cy_ipc_pipe.o
LOAD .\CortexM4\ARM_GCC_541\Debug\cy_lvd.o
LOAD .\CortexM4\ARM_GCC_541\Debug\cy_profile.o
LOAD .\CortexM4\ARM_GCC_541\Debug\cy_prot.o
LOAD .\CortexM4\ARM_GCC_541\Debug\cy_sysanalog.o
LOAD .\CortexM4\ARM_GCC_541\Debug\cy_sysclk.o
LOAD .\CortexM4\ARM_GCC_541\Debug\cy_sysint.o
LOAD .\CortexM4\ARM_GCC_541\Debug\cy_syslib.o
LOAD .\CortexM4\ARM_GCC_541\Debug\cy_syslib_gcc.o
LOAD .\CortexM4\ARM_GCC_541\Debug\cy_syspm.o
LOAD .\CortexM4\ARM_GCC_541\Debug\cy_systick.o
LOAD .\CortexM4\ARM_GCC_541\Debug\cy_trigmux.o
LOAD .\CortexM4\ARM_GCC_541\Debug\cy_wdt.o
LOAD .\CortexM4\ARM_GCC_541\Debug\cy_device.o
LOAD .\CortexM4\ARM_GCC_541\Debug\cy_scb_common.o
LOAD .\CortexM4\ARM_GCC_541\Debug\cy_scb_i2c.o
LOAD .\CortexM4\ARM_GCC_541\Debug\cy_scb_ezi2c.o
LOAD .\CortexM4\ARM_GCC_541\Debug\cy_scb_spi.o
LOAD .\CortexM4\ARM_GCC_541\Debug\cy_scb_uart.o
LOAD .\CortexM4\ARM_GCC_541\Debug\cy_dma.o
LOAD .\CortexM4\ARM_GCC_541\Debug\cy_sar.o
LOAD .\CortexM4\ARM_GCC_541\Debug\cy_ble_clk.o
LOAD .\CortexM4\ARM_GCC_541\Debug\retarget.o
LOAD .\CortexM4\ARM_GCC_541\Debug\UART.o
LOAD .\CortexM4\ARM_GCC_541\Debug\DMA_1.o
LOAD .\CortexM4\ARM_GCC_541\Debug\ADC.o
LOAD .\CortexM4\ARM_GCC_541\Debug\ADC_INT.o
LOAD .\CortexM4\ARM_GCC_541\Debug\ADC_INIT.o
LOAD .\CortexM4\ARM_GCC_541\Debug\ADC_PM.o
LOAD .\CortexM4\ARM_GCC_541\Debug\DMA_2.o
END GROUP
START GROUP
LOAD c:/program files (x86)/cypress/psoc creator/4.3/psoc creator/import/gnu/arm/5.4.1/bin/../lib/gcc/arm-none-eabi/5.4.1/armv7e-m/softfp\libgcc.a
LOAD c:/program files (x86)/cypress/psoc creator/4.3/psoc creator/import/gnu/arm/5.4.1/bin/../lib/gcc/arm-none-eabi/5.4.1/../../../../arm-none-eabi/lib/armv7e-m/softfp\libg_nano.a
LOAD c:/program files (x86)/cypress/psoc creator/4.3/psoc creator/import/gnu/arm/5.4.1/bin/../lib/gcc/arm-none-eabi/5.4.1/../../../../arm-none-eabi/lib/armv7e-m/softfp\libc_nano.a
END GROUP
START GROUP
LOAD c:/program files (x86)/cypress/psoc creator/4.3/psoc creator/import/gnu/arm/5.4.1/bin/../lib/gcc/arm-none-eabi/5.4.1/armv7e-m/softfp\libgcc.a
LOAD c:/program files (x86)/cypress/psoc creator/4.3/psoc creator/import/gnu/arm/5.4.1/bin/../lib/gcc/arm-none-eabi/5.4.1/../../../../arm-none-eabi/lib/armv7e-m/softfp\libc_nano.a
END GROUP
LOAD c:/program files (x86)/cypress/psoc creator/4.3/psoc creator/import/gnu/arm/5.4.1/bin/../lib/gcc/arm-none-eabi/5.4.1/armv7e-m/softfp/crtend.o
LOAD c:/program files (x86)/cypress/psoc creator/4.3/psoc creator/import/gnu/arm/5.4.1/bin/../lib/gcc/arm-none-eabi/5.4.1/armv7e-m/softfp/crtn.o
START GROUP
LOAD c:/program files (x86)/cypress/psoc creator/4.3/psoc creator/import/gnu/arm/5.4.1/bin/../lib/gcc/arm-none-eabi/5.4.1/armv7e-m/softfp\libgcc.a
LOAD c:/program files (x86)/cypress/psoc creator/4.3/psoc creator/import/gnu/arm/5.4.1/bin/../lib/gcc/arm-none-eabi/5.4.1/../../../../arm-none-eabi/lib/armv7e-m/softfp\libc.a
LOAD c:/program files (x86)/cypress/psoc creator/4.3/psoc creator/import/gnu/arm/5.4.1/bin/../lib/gcc/arm-none-eabi/5.4.1/../../../../arm-none-eabi/lib/armv7e-m/softfp\libnosys.a
END GROUP
START GROUP
LOAD c:/program files (x86)/cypress/psoc creator/4.3/psoc creator/import/gnu/arm/5.4.1/bin/../lib/gcc/arm-none-eabi/5.4.1/armv7e-m/softfp\libgcc.a
LOAD c:/program files (x86)/cypress/psoc creator/4.3/psoc creator/import/gnu/arm/5.4.1/bin/../lib/gcc/arm-none-eabi/5.4.1/../../../../arm-none-eabi/lib/armv7e-m/softfp\libc.a
LOAD c:/program files (x86)/cypress/psoc creator/4.3/psoc creator/import/gnu/arm/5.4.1/bin/../lib/gcc/arm-none-eabi/5.4.1/../../../../arm-none-eabi/lib/armv7e-m/softfp\libm.a
LOAD c:/program files (x86)/cypress/psoc creator/4.3/psoc creator/import/gnu/arm/5.4.1/bin/../lib/gcc/arm-none-eabi/5.4.1/../../../../arm-none-eabi/lib/armv7e-m/softfp\libnosys.a
END GROUP

.text           0x10080000    0x19690
                0x10080000                . = ALIGN (0x4)
                0x10080000                __Vectors = .
 *(.vectors)
 .vectors       0x10080000      0x28c .\CortexM4\ARM_GCC_541\Debug\startup_psoc6_01_cm4.o
                0x1008028c                . = ALIGN (0x4)
                0x1008028c                __Vectors_End = .
                0x0000028c                __Vectors_Size = (__Vectors_End - __Vectors)
                0x1008028c                __end__ = .
                0x1008028c                . = ALIGN (0x4)
 *(.text*)
 .text          0x1008028c       0x5c c:/program files (x86)/cypress/psoc creator/4.3/psoc creator/import/gnu/arm/5.4.1/bin/../lib/gcc/arm-none-eabi/5.4.1/armv7e-m/softfp/crtbegin.o
 .text          0x100802e8       0x84 .\CortexM4\ARM_GCC_541\Debug\startup_psoc6_01_cm4.o
                0x100802e8                Cy_OnResetUser
                0x100802ea                Reset_Handler
                0x1008034c                cpuss_interrupts_ipc_6_IRQHandler
                0x1008034c                DebugMon_Handler
                0x1008034c                tcpwm_1_interrupts_11_IRQHandler
                0x1008034c                cpuss_interrupts_ipc_0_IRQHandler
                0x1008034c                tcpwm_1_interrupts_15_IRQHandler
                0x1008034c                ioss_interrupts_gpio_13_IRQHandler
                0x1008034c                tcpwm_1_interrupts_13_IRQHandler
                0x1008034c                cpuss_interrupts_dw1_8_IRQHandler
                0x1008034c                tcpwm_0_interrupts_0_IRQHandler
                0x1008034c                SysTick_Handler
                0x1008034c                cpuss_interrupt_fm_IRQHandler
                0x1008034c                cpuss_interrupts_ipc_7_IRQHandler
                0x1008034c                tcpwm_1_interrupts_14_IRQHandler
                0x1008034c                cpuss_interrupts_dw0_5_IRQHandler
                0x1008034c                tcpwm_1_interrupts_9_IRQHandler
                0x1008034c                cpuss_interrupts_cm0_cti_1_IRQHandler
                0x1008034c                tcpwm_1_interrupts_22_IRQHandler
                0x1008034c                cpuss_interrupts_dw0_4_IRQHandler
                0x1008034c                PendSV_Handler
                0x1008034c                NMI_Handler
                0x1008034c                cpuss_interrupts_dw1_12_IRQHandler
                0x1008034c                tcpwm_1_interrupts_12_IRQHandler
                0x1008034c                smif_interrupt_IRQHandler
                0x1008034c                tcpwm_1_interrupts_2_IRQHandler
                0x1008034c                cpuss_interrupts_ipc_13_IRQHandler
                0x1008034c                udb_interrupts_11_IRQHandler
                0x1008034c                tcpwm_1_interrupts_18_IRQHandler
                0x1008034c                cpuss_interrupts_dw0_11_IRQHandler
                0x1008034c                tcpwm_0_interrupts_2_IRQHandler
                0x1008034c                cpuss_interrupts_dw0_13_IRQHandler
                0x1008034c                udb_interrupts_2_IRQHandler
                0x1008034c                cpuss_interrupts_dw1_7_IRQHandler
                0x1008034c                ioss_interrupts_gpio_1_IRQHandler
                0x1008034c                ioss_interrupts_gpio_7_IRQHandler
                0x1008034c                scb_5_interrupt_IRQHandler
                0x1008034c                udb_interrupts_6_IRQHandler
                0x1008034c                cpuss_interrupts_fault_1_IRQHandler
                0x1008034c                cpuss_interrupts_ipc_4_IRQHandler
                0x1008034c                cpuss_interrupts_ipc_5_IRQHandler
                0x1008034c                cpuss_interrupts_dw1_10_IRQHandler
                0x1008034c                udb_interrupts_0_IRQHandler
                0x1008034c                tcpwm_1_interrupts_6_IRQHandler
                0x1008034c                scb_4_interrupt_IRQHandler
                0x1008034c                pass_interrupt_dacs_IRQHandler
                0x1008034c                ioss_interrupts_gpio_2_IRQHandler
                0x1008034c                cpuss_interrupts_dw1_9_IRQHandler
                0x1008034c                cpuss_interrupts_dw1_13_IRQHandler
                0x1008034c                scb_2_interrupt_IRQHandler
                0x1008034c                cpuss_interrupts_cm0_cti_0_IRQHandler
                0x1008034c                udb_interrupts_5_IRQHandler
                0x1008034c                srss_interrupt_IRQHandler
                0x1008034c                udb_interrupts_12_IRQHandler
                0x1008034c                scb_0_interrupt_IRQHandler
                0x1008034c                csd_interrupt_IRQHandler
                0x1008034c                udb_interrupts_1_IRQHandler
                0x1008034c                profile_interrupt_IRQHandler
                0x1008034c                tcpwm_1_interrupts_1_IRQHandler
                0x1008034c                cpuss_interrupts_ipc_12_IRQHandler
                0x1008034c                tcpwm_1_interrupts_3_IRQHandler
                0x1008034c                tcpwm_0_interrupts_7_IRQHandler
                0x1008034c                cpuss_interrupts_dw1_1_IRQHandler
                0x1008034c                cpuss_interrupts_dw1_0_IRQHandler
                0x1008034c                cpuss_interrupts_dw0_9_IRQHandler
                0x1008034c                lpcomp_interrupt_IRQHandler
                0x1008034c                tcpwm_1_interrupts_23_IRQHandler
                0x1008034c                udb_interrupts_4_IRQHandler
                0x1008034c                tcpwm_1_interrupts_20_IRQHandler
                0x1008034c                ioss_interrupt_gpio_IRQHandler
                0x1008034c                tcpwm_0_interrupts_1_IRQHandler
                0x1008034c                ioss_interrupts_gpio_8_IRQHandler
                0x1008034c                tcpwm_0_interrupts_6_IRQHandler
                0x1008034c                scb_7_interrupt_IRQHandler
                0x1008034c                tcpwm_1_interrupts_7_IRQHandler
                0x1008034c                cpuss_interrupts_ipc_11_IRQHandler
                0x1008034c                udb_interrupts_13_IRQHandler
                0x1008034c                cpuss_interrupts_dw0_15_IRQHandler
                0x1008034c                udb_interrupts_7_IRQHandler
                0x1008034c                cpuss_interrupts_dw1_6_IRQHandler
                0x1008034c                cpuss_interrupt_crypto_IRQHandler
                0x1008034c                scb_1_interrupt_IRQHandler
                0x1008034c                Default_Handler
                0x1008034c                usb_interrupt_hi_IRQHandler
                0x1008034c                tcpwm_1_interrupts_0_IRQHandler
                0x1008034c                udb_interrupts_9_IRQHandler
                0x1008034c                audioss_interrupt_pdm_IRQHandler
                0x1008034c                srss_interrupt_mcwdt_0_IRQHandler
                0x1008034c                scb_3_interrupt_IRQHandler
                0x1008034c                pass_interrupt_ctbs_IRQHandler
                0x1008034c                udb_interrupts_8_IRQHandler
                0x1008034c                ioss_interrupts_gpio_3_IRQHandler
                0x1008034c                scb_6_interrupt_IRQHandler
                0x1008034c                cpuss_interrupts_cm4_cti_0_IRQHandler
                0x1008034c                cpuss_interrupts_dw1_3_IRQHandler
                0x1008034c                pass_interrupt_sar_IRQHandler
                0x1008034c                ioss_interrupts_gpio_0_IRQHandler
                0x1008034c                ioss_interrupts_gpio_14_IRQHandler
                0x1008034c                tcpwm_0_interrupts_4_IRQHandler
                0x1008034c                udb_interrupts_3_IRQHandler
                0x1008034c                tcpwm_0_interrupts_5_IRQHandler
                0x1008034c                cpuss_interrupts_ipc_15_IRQHandler
                0x1008034c                cpuss_interrupts_cm4_cti_1_IRQHandler
                0x1008034c                scb_8_interrupt_IRQHandler
                0x1008034c                srss_interrupt_mcwdt_1_IRQHandler
                0x1008034c                cpuss_interrupts_dw1_2_IRQHandler
                0x1008034c                SVC_Handler
                0x1008034c                cpuss_interrupts_dw1_5_IRQHandler
                0x1008034c                cpuss_interrupts_ipc_1_IRQHandler
                0x1008034c                cpuss_interrupts_dw0_0_IRQHandler
                0x1008034c                ioss_interrupts_gpio_12_IRQHandler
                0x1008034c                cpuss_interrupts_ipc_3_IRQHandler
                0x1008034c                tcpwm_1_interrupts_17_IRQHandler
                0x1008034c                srss_interrupt_backup_IRQHandler
                0x1008034c                bless_interrupt_IRQHandler
                0x1008034c                cpuss_interrupts_ipc_10_IRQHandler
                0x1008034c                cpuss_interrupts_ipc_9_IRQHandler
                0x1008034c                cpuss_interrupts_dw0_14_IRQHandler
                0x1008034c                tcpwm_1_interrupts_4_IRQHandler
                0x1008034c                tcpwm_0_interrupts_3_IRQHandler
                0x1008034c                cpuss_interrupts_dw1_15_IRQHandler
                0x1008034c                ioss_interrupts_gpio_10_IRQHandler
                0x1008034c                udb_interrupts_10_IRQHandler
                0x1008034c                cpuss_interrupts_dw0_8_IRQHandler
                0x1008034c                ioss_interrupts_gpio_11_IRQHandler
                0x1008034c                cpuss_interrupts_ipc_14_IRQHandler
                0x1008034c                ioss_interrupts_gpio_5_IRQHandler
                0x1008034c                ioss_interrupts_gpio_4_IRQHandler
                0x1008034c                tcpwm_1_interrupts_8_IRQHandler
                0x1008034c                cpuss_interrupts_dw1_14_IRQHandler
                0x1008034c                usb_interrupt_med_IRQHandler
                0x1008034c                cpuss_interrupts_dw0_2_IRQHandler
                0x1008034c                tcpwm_1_interrupts_10_IRQHandler
                0x1008034c                cpuss_interrupts_fault_0_IRQHandler
                0x1008034c                cpuss_interrupts_dw0_12_IRQHandler
                0x1008034c                ioss_interrupts_gpio_6_IRQHandler
                0x1008034c                tcpwm_1_interrupts_21_IRQHandler
                0x1008034c                tcpwm_1_interrupts_16_IRQHandler
                0x1008034c                cpuss_interrupts_dw1_4_IRQHandler
                0x1008034c                udb_interrupts_15_IRQHandler
                0x1008034c                cpuss_interrupts_dw1_11_IRQHandler
                0x1008034c                cpuss_interrupts_dw0_6_IRQHandler
                0x1008034c                ioss_interrupt_vdd_IRQHandler
                0x1008034c                cpuss_interrupts_dw0_7_IRQHandler
                0x1008034c                audioss_interrupt_i2s_IRQHandler
                0x1008034c                tcpwm_1_interrupts_5_IRQHandler
                0x1008034c                cpuss_interrupts_ipc_2_IRQHandler
                0x1008034c                cpuss_interrupts_dw0_10_IRQHandler
                0x1008034c                tcpwm_1_interrupts_19_IRQHandler
                0x1008034c                cpuss_interrupts_dw0_1_IRQHandler
                0x1008034c                ioss_interrupts_gpio_9_IRQHandler
                0x1008034c                usb_interrupt_lo_IRQHandler
                0x1008034c                cpuss_interrupts_ipc_8_IRQHandler
                0x1008034c                udb_interrupts_14_IRQHandler
                0x1008034c                cpuss_interrupts_dw0_3_IRQHandler
                0x10080350                UsageFault_Handler
                0x10080350                HardFault_Handler
                0x10080350                MemManage_Handler
                0x10080350                BusFault_Handler
 .text.DMA_isr  0x1008036c      0x320 .\CortexM4\ARM_GCC_541\Debug\main_cm4.o
                0x1008036c                DMA_isr
 .text.DMA2_isr
                0x1008068c      0x314 .\CortexM4\ARM_GCC_541\Debug\main_cm4.o
                0x1008068c                DMA2_isr
 .text.dma_init
                0x100809a0      0x10c .\CortexM4\ARM_GCC_541\Debug\main_cm4.o
                0x100809a0                dma_init
 .text.dma2_init
                0x10080aac      0x100 .\CortexM4\ARM_GCC_541\Debug\main_cm4.o
                0x10080aac                dma2_init
 .text.uart_receive
                0x10080bac       0x28 .\CortexM4\ARM_GCC_541\Debug\main_cm4.o
                0x10080bac                uart_receive
 .text.uart_transmit
                0x10080bd4       0x34 .\CortexM4\ARM_GCC_541\Debug\main_cm4.o
                0x10080bd4                uart_transmit
 .text.main     0x10080c08      0x2e0 .\CortexM4\ARM_GCC_541\Debug\main_cm4.o
                0x10080c08                main
 .text.Cy_SysIpcPipeIsrCm4
                0x10080ee8        0xc .\CortexM4\ARM_GCC_541\Debug\system_psoc6_cm4.o
                0x10080ee8                Cy_SysIpcPipeIsrCm4
 .text.Cy_SystemInit
                0x10080ef4        0x4 .\CortexM4\ARM_GCC_541\Debug\system_psoc6_cm4.o
                0x10080ef4                Cy_SystemInit
 .text.SystemCoreClockUpdate
                0x10080ef8      0x190 .\CortexM4\ARM_GCC_541\Debug\system_psoc6_cm4.o
                0x10080ef8                SystemCoreClockUpdate
 .text.SystemInit
                0x10081088       0x48 .\CortexM4\ARM_GCC_541\Debug\system_psoc6_cm4.o
                0x10081088                SystemInit
 .text.Cy_SystemInitFpuEnable
                0x100810d0       0x28 .\CortexM4\ARM_GCC_541\Debug\system_psoc6_cm4.o
                0x100810d0                Cy_SystemInitFpuEnable
 .text.parse_str
                0x100810f8      0x1a8 .\CortexM4\ARM_GCC_541\Debug\Commands.o
                0x100810f8                parse_str
 .text.format_str
                0x100812a0      0x220 .\CortexM4\ARM_GCC_541\Debug\Commands.o
                0x100812a0                format_str
 .text.set_mode
                0x100814c0       0x14 .\CortexM4\ARM_GCC_541\Debug\Commands.o
                0x100814c0                set_mode
 .text.set_trigger_level
                0x100814d4        0x4 .\CortexM4\ARM_GCC_541\Debug\Commands.o
                0x100814d4                set_trigger_level
 .text.set_xscale
                0x100814d8       0x74 .\CortexM4\ARM_GCC_541\Debug\Commands.o
                0x100814d8                set_xscale
 .text.set_yscale
                0x1008154c       0x1c .\CortexM4\ARM_GCC_541\Debug\Commands.o
                0x1008154c                set_yscale
 .text.set_slope
                0x10081568       0x18 .\CortexM4\ARM_GCC_541\Debug\Commands.o
                0x10081568                set_slope
 .text.set_trigger_ch
                0x10081580       0x14 .\CortexM4\ARM_GCC_541\Debug\Commands.o
                0x10081580                set_trigger_ch
 .text.command_parse
                0x10081594      0x148 .\CortexM4\ARM_GCC_541\Debug\Commands.o
                0x10081594                command_parse
 *fill*         0x100816dc        0x4 
 .text.findAmp  0x100816e0       0x3c .\CortexM4\ARM_GCC_541\Debug\Calculations.o
                0x100816e0                findAmp
 .text.findSlope
                0x1008171c        0x4 .\CortexM4\ARM_GCC_541\Debug\Calculations.o
                0x1008171c                findSlope
 .text.avgSmoothing
                0x10081720       0x84 .\CortexM4\ARM_GCC_541\Debug\Calculations.o
                0x10081720                avgSmoothing
 .text.triggerDetection
                0x100817a4       0x90 .\CortexM4\ARM_GCC_541\Debug\Calculations.o
                0x100817a4                triggerDetection
 .text.Startup  0x10081834       0x60 .\CortexM4\ARM_GCC_541\Debug\Display.o
                0x10081834                Startup
 .text.DrawBG   0x10081894       0x4c .\CortexM4\ARM_GCC_541\Debug\Display.o
                0x10081894                DrawBG
 .text.DrawGrid
                0x100818e0       0x78 .\CortexM4\ARM_GCC_541\Debug\Display.o
                0x100818e0                DrawGrid
 .text.DrawScale
                0x10081958       0xbc .\CortexM4\ARM_GCC_541\Debug\Display.o
                0x10081958                DrawScale
 .text.DrawFreq
                0x10081a14       0x60 .\CortexM4\ARM_GCC_541\Debug\Display.o
                0x10081a14                DrawFreq
 .text.RefreshDisplay
                0x10081a74       0x48 .\CortexM4\ARM_GCC_541\Debug\Display.o
                0x10081a74                RefreshDisplay
 .text.DrawWaveform
                0x10081abc       0x30 .\CortexM4\ARM_GCC_541\Debug\Display.o
                0x10081abc                DrawWaveform
 .text.CreateWave
                0x10081aec       0x38 .\CortexM4\ARM_GCC_541\Debug\Display.o
                0x10081aec                CreateWave
 .text.GUI_X_Systick_Intr
                0x10081b24       0x10 .\CortexM4\ARM_GCC_541\Debug\GUI_X.o
                0x10081b24                GUI_X_Systick_Intr
 .text.GUI_X_GetTime
                0x10081b34        0xc .\CortexM4\ARM_GCC_541\Debug\GUI_X.o
                0x10081b34                GUI_X_GetTime
 .text.GUI_X_Delay
                0x10081b40       0x18 .\CortexM4\ARM_GCC_541\Debug\GUI_X.o
                0x10081b40                GUI_X_Delay
 .text.GUI_X_Systick_Init
                0x10081b58       0x40 .\CortexM4\ARM_GCC_541\Debug\GUI_X.o
                0x10081b58                GUI_X_Systick_Init
 .text.GUI_X_Init
                0x10081b98        0x8 .\CortexM4\ARM_GCC_541\Debug\GUI_X.o
                0x10081b98                GUI_X_Init
 .text.GUI_X_Config
                0x10081ba0       0x1c .\CortexM4\ARM_GCC_541\Debug\GUIConf.o
                0x10081ba0                GUI_X_Config
 .text._InitController
                0x10081bbc      0x1e0 .\CortexM4\ARM_GCC_541\Debug\LCDConf.o
 .text.LCD_X_Config
                0x10081d9c       0x94 .\CortexM4\ARM_GCC_541\Debug\LCDConf.o
                0x10081d9c                LCD_X_Config
 .text.LCD_X_DisplayDriver
                0x10081e30       0x14 .\CortexM4\ARM_GCC_541\Debug\LCDConf.o
                0x10081e30                LCD_X_DisplayDriver
 .text.STDIO_PutChar
                0x10081e44       0x18 .\CortexM4\ARM_GCC_541\Debug\stdio_user.o
                0x10081e44                STDIO_PutChar
 .text.STDIO_GetChar
                0x10081e5c       0x1c .\CortexM4\ARM_GCC_541\Debug\stdio_user.o
                0x10081e5c                STDIO_GetChar
 .text.GraphicLCDIntf_1_Init
                0x10081e78       0x14 .\CortexM4\ARM_GCC_541\Debug\GraphicLCDIntf_1.o
                0x10081e78                GraphicLCDIntf_1_Init
 .text.GraphicLCDIntf_1_Start
                0x10081e8c       0x18 .\CortexM4\ARM_GCC_541\Debug\GraphicLCDIntf_1.o
                0x10081e8c                GraphicLCDIntf_1_Start
 .text.GraphicLCDIntf_1_WriteM8
                0x10081ea4       0x30 .\CortexM4\ARM_GCC_541\Debug\GraphicLCDIntf_1.o
                0x10081ea4                GraphicLCDIntf_1_WriteM8
 .text.GraphicLCDIntf_1_Read8
                0x10081ed4       0x30 .\CortexM4\ARM_GCC_541\Debug\GraphicLCDIntf_1.o
                0x10081ed4                GraphicLCDIntf_1_Read8
 .text.GraphicLCDIntf_1_ReadM8
                0x10081f04       0x1c .\CortexM4\ARM_GCC_541\Debug\GraphicLCDIntf_1.o
                0x10081f04                GraphicLCDIntf_1_ReadM8
 .text.GraphicLCDIntf_1_Write8_A0
                0x10081f20       0x20 .\CortexM4\ARM_GCC_541\Debug\GraphicLCDIntf_1.o
                0x10081f20                GraphicLCDIntf_1_Write8_A0
 .text.GraphicLCDIntf_1_Write8_A1
                0x10081f40       0x20 .\CortexM4\ARM_GCC_541\Debug\GraphicLCDIntf_1.o
                0x10081f40                GraphicLCDIntf_1_Write8_A1
 .text.GraphicLCDIntf_1_WriteM8_A1
                0x10081f60       0x10 .\CortexM4\ARM_GCC_541\Debug\GraphicLCDIntf_1.o
                0x10081f60                GraphicLCDIntf_1_WriteM8_A1
 .text.GraphicLCDIntf_1_Read8_A1
                0x10081f70        0xc .\CortexM4\ARM_GCC_541\Debug\GraphicLCDIntf_1.o
                0x10081f70                GraphicLCDIntf_1_Read8_A1
 .text.GraphicLCDIntf_1_ReadM8_A1
                0x10081f7c       0x10 .\CortexM4\ARM_GCC_541\Debug\GraphicLCDIntf_1.o
                0x10081f7c                GraphicLCDIntf_1_ReadM8_A1
 .text.Cy_Flash_ProcessOpcode
                0x10081f8c       0xac .\CortexM4\ARM_GCC_541\Debug\cy_flash.o
 .text.Cy_Flash_OperationStatus
                0x10082038       0x5c .\CortexM4\ARM_GCC_541\Debug\cy_flash.o
 .text.Cy_Flash_InitExt
                0x10082094       0x80 .\CortexM4\ARM_GCC_541\Debug\cy_flash.o
                0x10082094                Cy_Flash_InitExt
 .text.Cy_Flash_Init
                0x10082114       0x10 .\CortexM4\ARM_GCC_541\Debug\cy_flash.o
                0x10082114                Cy_Flash_Init
 .text.Cy_IPC_Drv_LockRelease
                0x10082124       0x3c .\CortexM4\ARM_GCC_541\Debug\cy_ipc_drv.o
                0x10082124                Cy_IPC_Drv_LockRelease
 .text.Cy_IPC_Drv_SendMsgWord
                0x10082160       0x3c .\CortexM4\ARM_GCC_541\Debug\cy_ipc_drv.o
                0x10082160                Cy_IPC_Drv_SendMsgWord
 .text.Cy_IPC_Drv_ReadMsgWord
                0x1008219c       0x38 .\CortexM4\ARM_GCC_541\Debug\cy_ipc_drv.o
                0x1008219c                Cy_IPC_Drv_ReadMsgWord
 .text.Cy_IPC_Sema_InitExt
                0x100821d4       0xac .\CortexM4\ARM_GCC_541\Debug\cy_ipc_sema.o
                0x100821d4                Cy_IPC_Sema_InitExt
 .text.Cy_IPC_Sema_Init
                0x10082280       0x64 .\CortexM4\ARM_GCC_541\Debug\cy_ipc_sema.o
                0x10082280                Cy_IPC_Sema_Init
 .text.Cy_IPC_Sema_Clear
                0x100822e4       0x88 .\CortexM4\ARM_GCC_541\Debug\cy_ipc_sema.o
                0x100822e4                Cy_IPC_Sema_Clear
 .text.Cy_IPC_Sema_Status
                0x1008236c       0x40 .\CortexM4\ARM_GCC_541\Debug\cy_ipc_sema.o
                0x1008236c                Cy_IPC_Sema_Status
 .text.Cy_IPC_Pipe_Config
                0x100823ac       0x10 .\CortexM4\ARM_GCC_541\Debug\cy_ipc_pipe.o
                0x100823ac                Cy_IPC_Pipe_Config
 .text.Cy_IPC_Pipe_EndpointInit
                0x100823bc       0xd0 .\CortexM4\ARM_GCC_541\Debug\cy_ipc_pipe.o
                0x100823bc                Cy_IPC_Pipe_EndpointInit
 .text.Cy_IPC_Pipe_Init
                0x1008248c       0xb4 .\CortexM4\ARM_GCC_541\Debug\cy_ipc_pipe.o
                0x1008248c                Cy_IPC_Pipe_Init
 .text.Cy_IPC_Pipe_SendMessage
                0x10082540       0xa4 .\CortexM4\ARM_GCC_541\Debug\cy_ipc_pipe.o
                0x10082540                Cy_IPC_Pipe_SendMessage
 .text.Cy_IPC_Pipe_RegisterCallback
                0x100825e4       0x50 .\CortexM4\ARM_GCC_541\Debug\cy_ipc_pipe.o
                0x100825e4                Cy_IPC_Pipe_RegisterCallback
 .text.Cy_IPC_Pipe_ExecCallback
                0x10082634       0xbc .\CortexM4\ARM_GCC_541\Debug\cy_ipc_pipe.o
                0x10082634                Cy_IPC_Pipe_ExecCallback
 .text.Cy_IPC_Pipe_ExecuteCallback
                0x100826f0       0x2c .\CortexM4\ARM_GCC_541\Debug\cy_ipc_pipe.o
                0x100826f0                Cy_IPC_Pipe_ExecuteCallback
 .text.Cy_SysInt_SetVector
                0x1008271c       0x48 .\CortexM4\ARM_GCC_541\Debug\cy_sysint.o
                0x1008271c                Cy_SysInt_SetVector
 .text.Cy_SysInt_Init
                0x10082764       0x74 .\CortexM4\ARM_GCC_541\Debug\cy_sysint.o
                0x10082764                Cy_SysInt_Init
 .text.Cy_SysLib_Delay
                0x100827d8       0x30 .\CortexM4\ARM_GCC_541\Debug\cy_syslib.o
                0x100827d8                Cy_SysLib_Delay
 .text.Cy_SysLib_DelayUs
                0x10082808       0x14 .\CortexM4\ARM_GCC_541\Debug\cy_syslib.o
                0x10082808                Cy_SysLib_DelayUs
 .text.Cy_SysLib_Halt
                0x1008281c        0x4 .\CortexM4\ARM_GCC_541\Debug\cy_syslib.o
                0x1008281c                Cy_SysLib_Halt
 .text.Cy_SysLib_AssertFailed
                0x10082820       0x1c .\CortexM4\ARM_GCC_541\Debug\cy_syslib.o
                0x10082820                Cy_SysLib_AssertFailed
 .text.Cy_SysLib_ProcessingFault
                0x1008283c        0x4 .\CortexM4\ARM_GCC_541\Debug\cy_syslib.o
                0x1008283c                Cy_SysLib_ProcessingFault
 .text.Cy_SysLib_FaultHandler
                0x10082840       0xa4 .\CortexM4\ARM_GCC_541\Debug\cy_syslib.o
                0x10082840                Cy_SysLib_FaultHandler
 *fill*         0x100828e4        0x4 
 .text          0x100828e8       0x20 .\CortexM4\ARM_GCC_541\Debug\cy_syslib_gcc.o
                0x100828e8                Cy_SysLib_DelayCycles
                0x100828fa                Cy_SysLib_EnterCriticalSection
                0x10082902                Cy_SysLib_ExitCriticalSection
 .text.Cy_SysTick_ServiceCallbacks
                0x10082908       0x2c .\CortexM4\ARM_GCC_541\Debug\cy_systick.o
 .text.Cy_SysTick_Enable
                0x10082934       0x18 .\CortexM4\ARM_GCC_541\Debug\cy_systick.o
                0x10082934                Cy_SysTick_Enable
 .text.Cy_SysTick_SetClockSource
                0x1008294c       0x38 .\CortexM4\ARM_GCC_541\Debug\cy_systick.o
                0x1008294c                Cy_SysTick_SetClockSource
 .text.Cy_SysTick_Init
                0x10082984       0x44 .\CortexM4\ARM_GCC_541\Debug\cy_systick.o
                0x10082984                Cy_SysTick_Init
 .text.Cy_SysTick_SetCallback
                0x100829c8       0x1c .\CortexM4\ARM_GCC_541\Debug\cy_systick.o
                0x100829c8                Cy_SysTick_SetCallback
 .text.Cy_SysTick_GetCallback
                0x100829e4       0x14 .\CortexM4\ARM_GCC_541\Debug\cy_systick.o
                0x100829e4                Cy_SysTick_GetCallback
 .text.Cy_PDL_Init
                0x100829f8        0xc .\CortexM4\ARM_GCC_541\Debug\cy_device.o
                0x100829f8                Cy_PDL_Init
 .text.Cy_SCB_ReadArrayNoCheck
                0x10082a04       0x38 .\CortexM4\ARM_GCC_541\Debug\cy_scb_common.o
                0x10082a04                Cy_SCB_ReadArrayNoCheck
 .text.Cy_SCB_ReadArray
                0x10082a3c       0x1c .\CortexM4\ARM_GCC_541\Debug\cy_scb_common.o
                0x10082a3c                Cy_SCB_ReadArray
 .text.Cy_SCB_Write
                0x10082a58       0x28 .\CortexM4\ARM_GCC_541\Debug\cy_scb_common.o
                0x10082a58                Cy_SCB_Write
 .text.Cy_SCB_WriteArrayNoCheck
                0x10082a80       0x38 .\CortexM4\ARM_GCC_541\Debug\cy_scb_common.o
                0x10082a80                Cy_SCB_WriteArrayNoCheck
 .text.Cy_SCB_WriteArray
                0x10082ab8       0x2c .\CortexM4\ARM_GCC_541\Debug\cy_scb_common.o
                0x10082ab8                Cy_SCB_WriteArray
 .text.HandleDataTransmit
                0x10082ae4       0xdc .\CortexM4\ARM_GCC_541\Debug\cy_scb_uart.o
 .text.HandleDataReceive
                0x10082bc0       0xf8 .\CortexM4\ARM_GCC_541\Debug\cy_scb_uart.o
 .text.Cy_SCB_UART_Init
                0x10082cb8      0x364 .\CortexM4\ARM_GCC_541\Debug\cy_scb_uart.o
                0x10082cb8                Cy_SCB_UART_Init
 .text.Cy_SCB_UART_GetNumInRingBuffer
                0x1008301c       0x18 .\CortexM4\ARM_GCC_541\Debug\cy_scb_uart.o
                0x1008301c                Cy_SCB_UART_GetNumInRingBuffer
 .text.HandleRingBuffer
                0x10083034       0xcc .\CortexM4\ARM_GCC_541\Debug\cy_scb_uart.o
 .text.Cy_SCB_UART_Interrupt
                0x10083100       0xe8 .\CortexM4\ARM_GCC_541\Debug\cy_scb_uart.o
                0x10083100                Cy_SCB_UART_Interrupt
 .text.Cy_DMA_Descriptor_Init
                0x100831e8      0x270 .\CortexM4\ARM_GCC_541\Debug\cy_dma.o
                0x100831e8                Cy_DMA_Descriptor_Init
 .text.Cy_DMA_Channel_Init
                0x10083458       0xe8 .\CortexM4\ARM_GCC_541\Debug\cy_dma.o
                0x10083458                Cy_DMA_Channel_Init
 .text.Cy_SAR_Init
                0x10083540      0x200 .\CortexM4\ARM_GCC_541\Debug\cy_sar.o
                0x10083540                Cy_SAR_Init
 .text.Cy_SAR_DeInit
                0x10083740       0x70 .\CortexM4\ARM_GCC_541\Debug\cy_sar.o
                0x10083740                Cy_SAR_DeInit
 .text.Cy_SAR_Enable
                0x100837b0       0x20 .\CortexM4\ARM_GCC_541\Debug\cy_sar.o
                0x100837b0                Cy_SAR_Enable
 .text.Cy_SAR_StartConvert
                0x100837d0       0x2c .\CortexM4\ARM_GCC_541\Debug\cy_sar.o
                0x100837d0                Cy_SAR_StartConvert
 .text.Cy_SAR_GetResult16
                0x100837fc       0x2c .\CortexM4\ARM_GCC_541\Debug\cy_sar.o
                0x100837fc                Cy_SAR_GetResult16
 .text._write   0x10083828       0x24 .\CortexM4\ARM_GCC_541\Debug\retarget.o
                0x10083828                _write
 .text._read    0x1008384c       0x2c .\CortexM4\ARM_GCC_541\Debug\retarget.o
                0x1008384c                _read
 .text.UART_Interrupt
                0x10083878       0x14 .\CortexM4\ARM_GCC_541\Debug\UART.o
 .text.UART_Start
                0x1008388c       0x64 .\CortexM4\ARM_GCC_541\Debug\UART.o
                0x1008388c                UART_Start
 .text.ADC_InitConfig
                0x100838f0       0x88 .\CortexM4\ARM_GCC_541\Debug\ADC.o
                0x100838f0                ADC_InitConfig
 .text.ADC_StartConvert
                0x10083978       0x24 .\CortexM4\ARM_GCC_541\Debug\ADC.o
                0x10083978                ADC_StartConvert
 .text.ADC_Init
                0x1008399c       0x34 .\CortexM4\ARM_GCC_541\Debug\ADC.o
                0x1008399c                ADC_Init
 .text.ADC_Start
                0x100839d0       0x2c .\CortexM4\ARM_GCC_541\Debug\ADC.o
                0x100839d0                ADC_Start
 .text.ADC_ISR  0x100839fc       0x30 .\CortexM4\ARM_GCC_541\Debug\ADC_INT.o
                0x100839fc                ADC_ISR
 .text.GUI_DrawRect
                0x10083a2c       0x74 Generated_Source\PSoC6\pdl\middleware\emWin\libs\GCC\libemWin_nosnts_gcc.a(GUI_2DLib.o)
                0x10083a2c                GUI_DrawRect
 .text._PushFreeBlock
                0x10083aa0       0x20 Generated_Source\PSoC6\pdl\middleware\emWin\libs\GCC\libemWin_nosnts_gcc.a(GUI_Alloc.o)
 .text._RemoveFreeBlock
                0x10083ac0       0x44 Generated_Source\PSoC6\pdl\middleware\emWin\libs\GCC\libemWin_nosnts_gcc.a(GUI_Alloc.o)
 .text._AddFreeMemory
                0x10083b04       0xa8 Generated_Source\PSoC6\pdl\middleware\emWin\libs\GCC\libemWin_nosnts_gcc.a(GUI_Alloc.o)
 .text._RemoveHoles
                0x10083bac       0x94 Generated_Source\PSoC6\pdl\middleware\emWin\libs\GCC\libemWin_nosnts_gcc.a(GUI_Alloc.o)
 .text.GUI_ALLOC_FreeFixedBlock
                0x10083c40       0x18 Generated_Source\PSoC6\pdl\middleware\emWin\libs\GCC\libemWin_nosnts_gcc.a(GUI_Alloc.o)
                0x10083c40                GUI_ALLOC_FreeFixedBlock
 .text.GUI_ALLOC_h2p
                0x10083c58       0x14 Generated_Source\PSoC6\pdl\middleware\emWin\libs\GCC\libemWin_nosnts_gcc.a(GUI_Alloc.o)
                0x10083c58                GUI_ALLOC_h2p
 .text.GUI_ALLOC_LockH
                0x10083c6c       0x20 Generated_Source\PSoC6\pdl\middleware\emWin\libs\GCC\libemWin_nosnts_gcc.a(GUI_Alloc.o)
                0x10083c6c                GUI_ALLOC_LockH
 .text.GUI_ALLOC_UnlockH
                0x10083c8c       0x30 Generated_Source\PSoC6\pdl\middleware\emWin\libs\GCC\libemWin_nosnts_gcc.a(GUI_Alloc.o)
                0x10083c8c                GUI_ALLOC_UnlockH
 .text.GUI_ALLOC_AssignMemory
                0x10083cbc       0x10 Generated_Source\PSoC6\pdl\middleware\emWin\libs\GCC\libemWin_nosnts_gcc.a(GUI_Alloc.o)
                0x10083cbc                GUI_ALLOC_AssignMemory
 .text.GUI_ALLOC_Free
                0x10083ccc       0x24 Generated_Source\PSoC6\pdl\middleware\emWin\libs\GCC\libemWin_nosnts_gcc.a(GUI_Alloc.o)
                0x10083ccc                GUI_ALLOC_Free
 .text._EnlargeBlocks
                0x10083cf0       0x98 Generated_Source\PSoC6\pdl\middleware\emWin\libs\GCC\libemWin_nosnts_gcc.a(GUI_Alloc.o)
 .text._InitOnce
                0x10083d88       0x6c Generated_Source\PSoC6\pdl\middleware\emWin\libs\GCC\libemWin_nosnts_gcc.a(GUI_Alloc.o)
 .text.GUI_ALLOC_GetFixedBlock
                0x10083df4       0xb8 Generated_Source\PSoC6\pdl\middleware\emWin\libs\GCC\libemWin_nosnts_gcc.a(GUI_Alloc.o)
                0x10083df4                GUI_ALLOC_GetFixedBlock
 .text.GUI_ALLOC_GetMaxSize
                0x10083eac       0x40 Generated_Source\PSoC6\pdl\middleware\emWin\libs\GCC\libemWin_nosnts_gcc.a(GUI_Alloc.o)
                0x10083eac                GUI_ALLOC_GetMaxSize
 .text.GUI_ALLOC_RequestSize
                0x10083eec       0x2c Generated_Source\PSoC6\pdl\middleware\emWin\libs\GCC\libemWin_nosnts_gcc.a(GUI_Alloc.o)
                0x10083eec                GUI_ALLOC_RequestSize
 .text._Alloc   0x10083f18      0x100 Generated_Source\PSoC6\pdl\middleware\emWin\libs\GCC\libemWin_nosnts_gcc.a(GUI_Alloc.o)
 .text.GUI_ALLOC_AllocNoInit
                0x10084018       0x12 Generated_Source\PSoC6\pdl\middleware\emWin\libs\GCC\libemWin_nosnts_gcc.a(GUI_Alloc.o)
                0x10084018                GUI_ALLOC_AllocNoInit
 *fill*         0x1008402a        0x2 
 .text.GUI_ALLOC_AllocZero
                0x1008402c       0x2c Generated_Source\PSoC6\pdl\middleware\emWin\libs\GCC\libemWin_nosnts_gcc.a(GUI_Alloc.o)
                0x1008402c                GUI_ALLOC_AllocZero
 .text.GUIMONO_DispChar
                0x10084058      0x14c Generated_Source\PSoC6\pdl\middleware\emWin\libs\GCC\libemWin_nosnts_gcc.a(GUI_CharM.o)
                0x10084058                GUIMONO_DispChar
 .text.GUIMONO_GetCharDistX
                0x100841a4       0x18 Generated_Source\PSoC6\pdl\middleware\emWin\libs\GCC\libemWin_nosnts_gcc.a(GUI_CharM.o)
                0x100841a4                GUIMONO_GetCharDistX
 .text.GUIMONO_GetFontInfo
                0x100841bc        0x6 Generated_Source\PSoC6\pdl\middleware\emWin\libs\GCC\libemWin_nosnts_gcc.a(GUI_CharM.o)
                0x100841bc                GUIMONO_GetFontInfo
 .text.GUIMONO_IsInFont
                0x100841c2       0x36 Generated_Source\PSoC6\pdl\middleware\emWin\libs\GCC\libemWin_nosnts_gcc.a(GUI_CharM.o)
                0x100841c2                GUIMONO_IsInFont
 .text.GUIPROP__FindChar
                0x100841f8       0x16 Generated_Source\PSoC6\pdl\middleware\emWin\libs\GCC\libemWin_nosnts_gcc.a(GUI_CharP.o)
                0x100841f8                GUIPROP__FindChar
 *fill*         0x1008420e        0x2 
 .text.GUIPROP_DispChar
                0x10084210       0xd4 Generated_Source\PSoC6\pdl\middleware\emWin\libs\GCC\libemWin_nosnts_gcc.a(GUI_CharP.o)
                0x10084210                GUIPROP_DispChar
 .text.GUIPROP_GetCharDistX
                0x100842e4       0x38 Generated_Source\PSoC6\pdl\middleware\emWin\libs\GCC\libemWin_nosnts_gcc.a(GUI_CharP.o)
                0x100842e4                GUIPROP_GetCharDistX
 .text.GUIPROP_GetFontInfo
                0x1008431c        0x6 Generated_Source\PSoC6\pdl\middleware\emWin\libs\GCC\libemWin_nosnts_gcc.a(GUI_CharP.o)
                0x1008431c                GUIPROP_GetFontInfo
 .text.GUIPROP_IsInFont
                0x10084322       0x10 Generated_Source\PSoC6\pdl\middleware\emWin\libs\GCC\libemWin_nosnts_gcc.a(GUI_CharP.o)
                0x10084322                GUIPROP_IsInFont
 .text.GUI_CalcColorDist
                0x10084332       0x54 Generated_Source\PSoC6\pdl\middleware\emWin\libs\GCC\libemWin_nosnts_gcc.a(GUI_Common.o)
                0x10084332                GUI_CalcColorDist
 .text.GUI_GetBkColor
                0x10084386        0xc Generated_Source\PSoC6\pdl\middleware\emWin\libs\GCC\libemWin_nosnts_gcc.a(GUI_Common.o)
                0x10084386                GUI_GetBkColor
 .text.GUI_GetColor
                0x10084392        0xc Generated_Source\PSoC6\pdl\middleware\emWin\libs\GCC\libemWin_nosnts_gcc.a(GUI_Common.o)
                0x10084392                GUI_GetColor
 *fill*         0x1008439e        0x2 
 .text.GUI_GetOrg
                0x100843a0       0x1c Generated_Source\PSoC6\pdl\middleware\emWin\libs\GCC\libemWin_nosnts_gcc.a(GUI_Common.o)
                0x100843a0                GUI_GetOrg
 .text.GUI_MergeRect
                0x100843bc       0x62 Generated_Source\PSoC6\pdl\middleware\emWin\libs\GCC\libemWin_nosnts_gcc.a(GUI_Common.o)
                0x100843bc                GUI_MergeRect
 .text.GUI_MoveRect
                0x1008441e       0x22 Generated_Source\PSoC6\pdl\middleware\emWin\libs\GCC\libemWin_nosnts_gcc.a(GUI_Common.o)
                0x1008441e                GUI_MoveRect
 .text.GUI_Exec1
                0x10084440       0x48 Generated_Source\PSoC6\pdl\middleware\emWin\libs\GCC\libemWin_nosnts_gcc.a(GUI_Common.o)
                0x10084440                GUI_Exec1
 .text.GUI_Exec
                0x10084488       0x14 Generated_Source\PSoC6\pdl\middleware\emWin\libs\GCC\libemWin_nosnts_gcc.a(GUI_Common.o)
                0x10084488                GUI_Exec
 .text.GUI_GotoXY
                0x1008449c       0x10 Generated_Source\PSoC6\pdl\middleware\emWin\libs\GCC\libemWin_nosnts_gcc.a(GUI_Common.o)
                0x1008449c                GUI_GotoXY
 .text.GUI_SetPenSize
                0x100844ac       0x10 Generated_Source\PSoC6\pdl\middleware\emWin\libs\GCC\libemWin_nosnts_gcc.a(GUI_Common.o)
                0x100844ac                GUI_SetPenSize
 .text.GUI_RectsIntersect
                0x100844bc       0x3c Generated_Source\PSoC6\pdl\middleware\emWin\libs\GCC\libemWin_nosnts_gcc.a(GUI_Common.o)
                0x100844bc                GUI_RectsIntersect
 .text.GUI_SaveContext_W
                0x100844f8       0x14 Generated_Source\PSoC6\pdl\middleware\emWin\libs\GCC\libemWin_nosnts_gcc.a(GUI_Common.o)
                0x100844f8                GUI_SaveContext_W
 .text.GUI_RestoreContext
                0x1008450c       0x14 Generated_Source\PSoC6\pdl\middleware\emWin\libs\GCC\libemWin_nosnts_gcc.a(GUI_Common.o)
                0x1008450c                GUI_RestoreContext
 .text.GUI_SelectLCD
                0x10084520       0x10 Generated_Source\PSoC6\pdl\middleware\emWin\libs\GCC\libemWin_nosnts_gcc.a(GUI_Common.o)
                0x10084520                GUI_SelectLCD
 .text.GUI_SetBkColor
                0x10084530        0x8 Generated_Source\PSoC6\pdl\middleware\emWin\libs\GCC\libemWin_nosnts_gcc.a(GUI_Common.o)
                0x10084530                GUI_SetBkColor
 .text.GUI_SetColor
                0x10084538        0x8 Generated_Source\PSoC6\pdl\middleware\emWin\libs\GCC\libemWin_nosnts_gcc.a(GUI_Common.o)
                0x10084538                GUI_SetColor
 .text.GUI_SetDrawMode
                0x10084540        0x8 Generated_Source\PSoC6\pdl\middleware\emWin\libs\GCC\libemWin_nosnts_gcc.a(GUI_Common.o)
                0x10084540                GUI_SetDrawMode
 .text.GUI_SetFont
                0x10084548       0x14 Generated_Source\PSoC6\pdl\middleware\emWin\libs\GCC\libemWin_nosnts_gcc.a(GUI_Common.o)
                0x10084548                GUI_SetFont
 .text.GUI_SetLineStyle
                0x1008455c       0x10 Generated_Source\PSoC6\pdl\middleware\emWin\libs\GCC\libemWin_nosnts_gcc.a(GUI_Common.o)
                0x1008455c                GUI_SetLineStyle
 .text.GUI_SetOrg
                0x1008456c       0x34 Generated_Source\PSoC6\pdl\middleware\emWin\libs\GCC\libemWin_nosnts_gcc.a(GUI_Common.o)
                0x1008456c                GUI_SetOrg
 .text.GUI_SetTextAlign
                0x100845a0       0x14 Generated_Source\PSoC6\pdl\middleware\emWin\libs\GCC\libemWin_nosnts_gcc.a(GUI_Common.o)
                0x100845a0                GUI_SetTextAlign
 .text.GUI_SetTextMode
                0x100845b4       0x14 Generated_Source\PSoC6\pdl\middleware\emWin\libs\GCC\libemWin_nosnts_gcc.a(GUI_Common.o)
                0x100845b4                GUI_SetTextMode
 .text.GL_SetDefault
                0x100845c8       0x48 Generated_Source\PSoC6\pdl\middleware\emWin\libs\GCC\libemWin_nosnts_gcc.a(GUI_Common.o)
                0x100845c8                GL_SetDefault
 .text._OnExit  0x10084610       0x44 Generated_Source\PSoC6\pdl\middleware\emWin\libs\GCC\libemWin_nosnts_gcc.a(GUI_Core.o)
 .text.GUI_SetDefaultFont
                0x10084654        0xc Generated_Source\PSoC6\pdl\middleware\emWin\libs\GCC\libemWin_nosnts_gcc.a(GUI_Core.o)
                0x10084654                GUI_SetDefaultFont
 .text.GUI_ClearRect
                0x10084660       0x5c Generated_Source\PSoC6\pdl\middleware\emWin\libs\GCC\libemWin_nosnts_gcc.a(GUI_Core.o)
                0x10084660                GUI_ClearRect
 .text.GUI_Clear
                0x100846bc       0x20 Generated_Source\PSoC6\pdl\middleware\emWin\libs\GCC\libemWin_nosnts_gcc.a(GUI_Core.o)
                0x100846bc                GUI_Clear
 .text.GUI__RegisterExit
                0x100846dc       0x10 Generated_Source\PSoC6\pdl\middleware\emWin\libs\GCC\libemWin_nosnts_gcc.a(GUI_Core.o)
                0x100846dc                GUI__RegisterExit
 .text.GUI__Config
                0x100846ec       0x30 Generated_Source\PSoC6\pdl\middleware\emWin\libs\GCC\libemWin_nosnts_gcc.a(GUI_Core.o)
                0x100846ec                GUI__Config
 .text.GUI_Init
                0x1008471c       0xf8 Generated_Source\PSoC6\pdl\middleware\emWin\libs\GCC\libemWin_nosnts_gcc.a(GUI_Core.o)
                0x1008471c                GUI_Init
 .text.GUI_DEVICE__GetpDriver
                0x10084814       0x24 Generated_Source\PSoC6\pdl\middleware\emWin\libs\GCC\libemWin_nosnts_gcc.a(GUI_Device.o)
                0x10084814                GUI_DEVICE__GetpDriver
 .text.GUI_DEVICE_Delete
                0x10084838        0x8 Generated_Source\PSoC6\pdl\middleware\emWin\libs\GCC\libemWin_nosnts_gcc.a(GUI_Device.o)
                0x10084838                GUI_DEVICE_Delete
 .text.GUI_DEVICE_Create
                0x10084840       0x50 Generated_Source\PSoC6\pdl\middleware\emWin\libs\GCC\libemWin_nosnts_gcc.a(GUI_Device.o)
                0x10084840                GUI_DEVICE_Create
 .text.GUI_DEVICE_Unlink
                0x10084890       0x38 Generated_Source\PSoC6\pdl\middleware\emWin\libs\GCC\libemWin_nosnts_gcc.a(GUI_Device.o)
                0x10084890                GUI_DEVICE_Unlink
 .text.GUI_DEVICE_Link
                0x100848c8       0x8c Generated_Source\PSoC6\pdl\middleware\emWin\libs\GCC\libemWin_nosnts_gcc.a(GUI_Device.o)
                0x100848c8                GUI_DEVICE_Link
 .text.GUI_DEVICE_CreateAndLink
                0x10084954       0x2c Generated_Source\PSoC6\pdl\middleware\emWin\libs\GCC\libemWin_nosnts_gcc.a(GUI_Device.o)
                0x10084954                GUI_DEVICE_CreateAndLink
 .text.GUI_DispString
                0x10084980      0x110 Generated_Source\PSoC6\pdl\middleware\emWin\libs\GCC\libemWin_nosnts_gcc.a(GUI_DispString.o)
                0x10084980                GUI_DispString
 .text.GUI_DispStringAt
                0x10084a90       0x14 Generated_Source\PSoC6\pdl\middleware\emWin\libs\GCC\libemWin_nosnts_gcc.a(GUI_DispString.o)
                0x10084a90                GUI_DispStringAt
 .text.GL_DrawPoint
                0x10084aa4       0x28 Generated_Source\PSoC6\pdl\middleware\emWin\libs\GCC\libemWin_nosnts_gcc.a(GUI_DrawLib.o)
                0x10084aa4                GL_DrawPoint
 .text.GUI_FillRect
                0x10084acc       0x40 Generated_Source\PSoC6\pdl\middleware\emWin\libs\GCC\libemWin_nosnts_gcc.a(GUI_DrawLib.o)
                0x10084acc                GUI_FillRect
 .text._SetLineColor
                0x10084b0c       0x8c Generated_Source\PSoC6\pdl\middleware\emWin\libs\GCC\libemWin_nosnts_gcc.a(GUI_DrawLine.o)
 .text.GUI_sin  0x10084b98       0x5c Generated_Source\PSoC6\pdl\middleware\emWin\libs\GCC\libemWin_nosnts_gcc.a(GUI_DrawLine.o)
                0x10084b98                GUI_sin
 .text.GUI_cos  0x10084bf4        0xe Generated_Source\PSoC6\pdl\middleware\emWin\libs\GCC\libemWin_nosnts_gcc.a(GUI_DrawLine.o)
                0x10084bf4                GUI_cos
 *fill*         0x10084c02        0x2 
 .text.GL_DrawLine1Ex
                0x10084c04      0x1a8 Generated_Source\PSoC6\pdl\middleware\emWin\libs\GCC\libemWin_nosnts_gcc.a(GUI_DrawLine.o)
                0x10084c04                GL_DrawLine1Ex
 .text.GL_DrawLineEx
                0x10084dac      0x19c Generated_Source\PSoC6\pdl\middleware\emWin\libs\GCC\libemWin_nosnts_gcc.a(GUI_DrawLine.o)
                0x10084dac                GL_DrawLineEx
 .text.GL_DrawLine
                0x10084f48       0x10 Generated_Source\PSoC6\pdl\middleware\emWin\libs\GCC\libemWin_nosnts_gcc.a(GUI_DrawLine.o)
                0x10084f48                GL_DrawLine
 .text.GUI_DrawLine
                0x10084f58       0x38 Generated_Source\PSoC6\pdl\middleware\emWin\libs\GCC\libemWin_nosnts_gcc.a(GUI_DrawLine.o)
                0x10084f58                GUI_DrawLine
 .text._Add     0x10084f90       0x4c Generated_Source\PSoC6\pdl\middleware\emWin\libs\GCC\libemWin_nosnts_gcc.a(GUI_FillPolygon.o)
 .text.GL_FillPolygon
                0x10084fdc      0x1d4 Generated_Source\PSoC6\pdl\middleware\emWin\libs\GCC\libemWin_nosnts_gcc.a(GUI_FillPolygon.o)
                0x10084fdc                GL_FillPolygon
 .text.GUI_StoreKey
                0x100851b0       0x18 Generated_Source\PSoC6\pdl\middleware\emWin\libs\GCC\libemWin_nosnts_gcc.a(GUI_OnKey.o)
                0x100851b0                GUI_StoreKey
 .text.GUI_PollKeyMsg
                0x100851c8       0x34 Generated_Source\PSoC6\pdl\middleware\emWin\libs\GCC\libemWin_nosnts_gcc.a(GUI_OnKey.o)
                0x100851c8                GUI_PollKeyMsg
 .text.GUI_SPLINE_Create
                0x100851fc      0x3d0 Generated_Source\PSoC6\pdl\middleware\emWin\libs\GCC\libemWin_nosnts_gcc.a(GUI_SPLINE.o)
                0x100851fc                GUI_SPLINE_Create
 .text.GUI_SPLINE_Draw
                0x100855cc       0x1e Generated_Source\PSoC6\pdl\middleware\emWin\libs\GCC\libemWin_nosnts_gcc.a(GUI_SPLINE.o)
                0x100855cc                GUI_SPLINE_Draw
 .text.GUI_SPLINE_Delete
                0x100855ea       0x18 Generated_Source\PSoC6\pdl\middleware\emWin\libs\GCC\libemWin_nosnts_gcc.a(GUI_SPLINE.o)
                0x100855ea                GUI_SPLINE_Delete
 *fill*         0x10085602        0x2 
 .text.GUI_Delay
                0x10085604       0x30 Generated_Source\PSoC6\pdl\middleware\emWin\libs\GCC\libemWin_nosnts_gcc.a(GUI_Time.o)
                0x10085604                GUI_Delay
 .text.GUI_UC__GetCharCodeInc
                0x10085634       0x28 Generated_Source\PSoC6\pdl\middleware\emWin\libs\GCC\libemWin_nosnts_gcc.a(GUI_UC.o)
                0x10085634                GUI_UC__GetCharCodeInc
 .text.GUI_UC__NumChars2NumBytes
                0x1008565c       0x28 Generated_Source\PSoC6\pdl\middleware\emWin\libs\GCC\libemWin_nosnts_gcc.a(GUI_UC.o)
                0x1008565c                GUI_UC__NumChars2NumBytes
 .text._GetCharCode
                0x10085684        0x4 Generated_Source\PSoC6\pdl\middleware\emWin\libs\GCC\libemWin_nosnts_gcc.a(GUI_UC_EncodeNone.o)
 .text._GetCharSize
                0x10085688        0x4 Generated_Source\PSoC6\pdl\middleware\emWin\libs\GCC\libemWin_nosnts_gcc.a(GUI_UC_EncodeNone.o)
 .text._CalcSizeOfChar
                0x1008568c        0x4 Generated_Source\PSoC6\pdl\middleware\emWin\libs\GCC\libemWin_nosnts_gcc.a(GUI_UC_EncodeNone.o)
 .text._Encode  0x10085690        0x6 Generated_Source\PSoC6\pdl\middleware\emWin\libs\GCC\libemWin_nosnts_gcc.a(GUI_UC_EncodeNone.o)
 *fill*         0x10085696        0x2 
 .text.GUI_SignalEvent
                0x10085698       0x14 Generated_Source\PSoC6\pdl\middleware\emWin\libs\GCC\libemWin_nosnts_gcc.a(GUI_WaitEvent.o)
                0x10085698                GUI_SignalEvent
 .text.LCD_Index2Color_M565
                0x100856ac       0x2c Generated_Source\PSoC6\pdl\middleware\emWin\libs\GCC\libemWin_nosnts_gcc.a(GUICC_M565.o)
                0x100856ac                LCD_Index2Color_M565
 .text._Color2Index_M565
                0x100856d8       0x2c Generated_Source\PSoC6\pdl\middleware\emWin\libs\GCC\libemWin_nosnts_gcc.a(GUICC_M565.o)
 .text._GetIndexMask_M565
                0x10085704        0x8 Generated_Source\PSoC6\pdl\middleware\emWin\libs\GCC\libemWin_nosnts_gcc.a(GUICC_M565.o)
 .text._Color2IndexBulk
                0x1008570c       0x50 Generated_Source\PSoC6\pdl\middleware\emWin\libs\GCC\libemWin_nosnts_gcc.a(GUICC_M565.o)
 .text._Index2ColorBulk
                0x1008575c       0x60 Generated_Source\PSoC6\pdl\middleware\emWin\libs\GCC\libemWin_nosnts_gcc.a(GUICC_M565.o)
 .text._Log2PhysY_X1Y0S0
                0x100857bc        0x4 Generated_Source\PSoC6\pdl\middleware\emWin\libs\GCC\libemWin_nosnts_gcc.a(GUIDRV_FlexColor.o)
 .text._Log2PhysY_X1Y1S0
                0x100857c0        0x8 Generated_Source\PSoC6\pdl\middleware\emWin\libs\GCC\libemWin_nosnts_gcc.a(GUIDRV_FlexColor.o)
 .text._Log2PhysY_X1Y0S1
                0x100857c8        0x4 Generated_Source\PSoC6\pdl\middleware\emWin\libs\GCC\libemWin_nosnts_gcc.a(GUIDRV_FlexColor.o)
 .text._Log2PhysY_X1Y1S1
                0x100857cc        0x8 Generated_Source\PSoC6\pdl\middleware\emWin\libs\GCC\libemWin_nosnts_gcc.a(GUIDRV_FlexColor.o)
 .text._SetPixelIndex
                0x100857d4        0xc Generated_Source\PSoC6\pdl\middleware\emWin\libs\GCC\libemWin_nosnts_gcc.a(GUIDRV_FlexColor.o)
 .text._GetPixelIndex
                0x100857e0        0xc Generated_Source\PSoC6\pdl\middleware\emWin\libs\GCC\libemWin_nosnts_gcc.a(GUIDRV_FlexColor.o)
 .text._XorPixel
                0x100857ec       0x22 Generated_Source\PSoC6\pdl\middleware\emWin\libs\GCC\libemWin_nosnts_gcc.a(GUIDRV_FlexColor.o)
 .text._DrawHLine
                0x1008580e        0xe Generated_Source\PSoC6\pdl\middleware\emWin\libs\GCC\libemWin_nosnts_gcc.a(GUIDRV_FlexColor.o)
 .text._DrawVLine
                0x1008581c       0x10 Generated_Source\PSoC6\pdl\middleware\emWin\libs\GCC\libemWin_nosnts_gcc.a(GUIDRV_FlexColor.o)
 .text._FillRect
                0x1008582c       0x10 Generated_Source\PSoC6\pdl\middleware\emWin\libs\GCC\libemWin_nosnts_gcc.a(GUIDRV_FlexColor.o)
 .text._DrawBitmap
                0x1008583c       0x28 Generated_Source\PSoC6\pdl\middleware\emWin\libs\GCC\libemWin_nosnts_gcc.a(GUIDRV_FlexColor.o)
 .text._GetDevFunc_SetRect
                0x10085864        0x2 Generated_Source\PSoC6\pdl\middleware\emWin\libs\GCC\libemWin_nosnts_gcc.a(GUIDRV_FlexColor.o)
 *fill*         0x10085866        0x2 
 .text._GetDevFunc_SetRectOutside
                0x10085868       0x40 Generated_Source\PSoC6\pdl\middleware\emWin\libs\GCC\libemWin_nosnts_gcc.a(GUIDRV_FlexColor.o)
 .text._ReadPixelCust_16bpp
                0x100858a8        0xe Generated_Source\PSoC6\pdl\middleware\emWin\libs\GCC\libemWin_nosnts_gcc.a(GUIDRV_FlexColor.o)
 .text._ReadPixelCust_18bpp
                0x100858b6        0xe Generated_Source\PSoC6\pdl\middleware\emWin\libs\GCC\libemWin_nosnts_gcc.a(GUIDRV_FlexColor.o)
 .text._ReadRectCust_16bpp
                0x100858c4       0x3e Generated_Source\PSoC6\pdl\middleware\emWin\libs\GCC\libemWin_nosnts_gcc.a(GUIDRV_FlexColor.o)
 .text._ReadRectCust_18bpp
                0x10085902       0x3e Generated_Source\PSoC6\pdl\middleware\emWin\libs\GCC\libemWin_nosnts_gcc.a(GUIDRV_FlexColor.o)
 .text._GetDevFunc
                0x10085940       0x80 Generated_Source\PSoC6\pdl\middleware\emWin\libs\GCC\libemWin_nosnts_gcc.a(GUIDRV_FlexColor.o)
 .text._GetDevProp
                0x100859c0       0x60 Generated_Source\PSoC6\pdl\middleware\emWin\libs\GCC\libemWin_nosnts_gcc.a(GUIDRV_FlexColor.o)
 .text._GetDevData
                0x10085a20        0xc Generated_Source\PSoC6\pdl\middleware\emWin\libs\GCC\libemWin_nosnts_gcc.a(GUIDRV_FlexColor.o)
 .text._GetRect
                0x10085a2c       0x16 Generated_Source\PSoC6\pdl\middleware\emWin\libs\GCC\libemWin_nosnts_gcc.a(GUIDRV_FlexColor.o)
 *fill*         0x10085a42        0x2 
 .text.GUIDRV_FlexColor__SetLog2Phys
                0x10085a44       0x40 Generated_Source\PSoC6\pdl\middleware\emWin\libs\GCC\libemWin_nosnts_gcc.a(GUIDRV_FlexColor.o)
                0x10085a44                GUIDRV_FlexColor__SetLog2Phys
 .text._SetOrg  0x10085a84       0x22 Generated_Source\PSoC6\pdl\middleware\emWin\libs\GCC\libemWin_nosnts_gcc.a(GUIDRV_FlexColor.o)
 .text._Log2PhysY_X0Y0S1
                0x10085aa6        0x4 Generated_Source\PSoC6\pdl\middleware\emWin\libs\GCC\libemWin_nosnts_gcc.a(GUIDRV_FlexColor.o)
 .text._Log2PhysX_X0Y0S0
                0x10085aaa        0x4 Generated_Source\PSoC6\pdl\middleware\emWin\libs\GCC\libemWin_nosnts_gcc.a(GUIDRV_FlexColor.o)
 .text._Log2PhysX_X0Y1S0
                0x10085aae        0x4 Generated_Source\PSoC6\pdl\middleware\emWin\libs\GCC\libemWin_nosnts_gcc.a(GUIDRV_FlexColor.o)
 .text._Log2PhysX_X0Y0S1
                0x10085ab2        0x4 Generated_Source\PSoC6\pdl\middleware\emWin\libs\GCC\libemWin_nosnts_gcc.a(GUIDRV_FlexColor.o)
 .text._Log2PhysX_X0Y1S1
                0x10085ab6        0x4 Generated_Source\PSoC6\pdl\middleware\emWin\libs\GCC\libemWin_nosnts_gcc.a(GUIDRV_FlexColor.o)
 .text._Log2PhysY_X0Y0S0
                0x10085aba        0x4 Generated_Source\PSoC6\pdl\middleware\emWin\libs\GCC\libemWin_nosnts_gcc.a(GUIDRV_FlexColor.o)
 .text._Log2PhysY_X0Y1S0
                0x10085abe        0x8 Generated_Source\PSoC6\pdl\middleware\emWin\libs\GCC\libemWin_nosnts_gcc.a(GUIDRV_FlexColor.o)
 .text._Log2PhysX_X1Y0S0
                0x10085ac6        0x8 Generated_Source\PSoC6\pdl\middleware\emWin\libs\GCC\libemWin_nosnts_gcc.a(GUIDRV_FlexColor.o)
 .text._Log2PhysX_X1Y1S0
                0x10085ace        0x8 Generated_Source\PSoC6\pdl\middleware\emWin\libs\GCC\libemWin_nosnts_gcc.a(GUIDRV_FlexColor.o)
 .text._Log2PhysX_X1Y0S1
                0x10085ad6        0x8 Generated_Source\PSoC6\pdl\middleware\emWin\libs\GCC\libemWin_nosnts_gcc.a(GUIDRV_FlexColor.o)
 .text._Log2PhysX_X1Y1S1
                0x10085ade        0x8 Generated_Source\PSoC6\pdl\middleware\emWin\libs\GCC\libemWin_nosnts_gcc.a(GUIDRV_FlexColor.o)
 .text._Log2PhysY_X0Y1S1
                0x10085ae6        0x8 Generated_Source\PSoC6\pdl\middleware\emWin\libs\GCC\libemWin_nosnts_gcc.a(GUIDRV_FlexColor.o)
 .text.GUIDRV_FlexColor__SetPixelIndexNoCache
                0x10085aee       0x98 Generated_Source\PSoC6\pdl\middleware\emWin\libs\GCC\libemWin_nosnts_gcc.a(GUIDRV_FlexColor.o)
                0x10085aee                GUIDRV_FlexColor__SetPixelIndexNoCache
 .text.GUIDRV_FlexColor__GetPixelIndexNoCache
                0x10085b86       0xd2 Generated_Source\PSoC6\pdl\middleware\emWin\libs\GCC\libemWin_nosnts_gcc.a(GUIDRV_FlexColor.o)
                0x10085b86                GUIDRV_FlexColor__GetPixelIndexNoCache
 .text.GUIDRV_FlexColor__InitOnce
                0x10085c58       0x3c Generated_Source\PSoC6\pdl\middleware\emWin\libs\GCC\libemWin_nosnts_gcc.a(GUIDRV_FlexColor.o)
                0x10085c58                GUIDRV_FlexColor__InitOnce
 .text._SetDevFunc
                0x10085c94       0x9c Generated_Source\PSoC6\pdl\middleware\emWin\libs\GCC\libemWin_nosnts_gcc.a(GUIDRV_FlexColor.o)
 .text._GetDevFunc_Init
                0x10085d30       0x56 Generated_Source\PSoC6\pdl\middleware\emWin\libs\GCC\libemWin_nosnts_gcc.a(GUIDRV_FlexColor.o)
 .text._GetDevFunc_SetSize
                0x10085d86       0x14 Generated_Source\PSoC6\pdl\middleware\emWin\libs\GCC\libemWin_nosnts_gcc.a(GUIDRV_FlexColor.o)
 .text._GetDevFunc_SetVSize
                0x10085d9a       0x14 Generated_Source\PSoC6\pdl\middleware\emWin\libs\GCC\libemWin_nosnts_gcc.a(GUIDRV_FlexColor.o)
 .text._GetDevFunc_Off
                0x10085dae       0x14 Generated_Source\PSoC6\pdl\middleware\emWin\libs\GCC\libemWin_nosnts_gcc.a(GUIDRV_FlexColor.o)
 .text._GetDevFunc_On
                0x10085dc2       0x14 Generated_Source\PSoC6\pdl\middleware\emWin\libs\GCC\libemWin_nosnts_gcc.a(GUIDRV_FlexColor.o)
 .text.GUIDRV_FlexColor_Config
                0x10085dd6       0x40 Generated_Source\PSoC6\pdl\middleware\emWin\libs\GCC\libemWin_nosnts_gcc.a(GUIDRV_FlexColor.o)
                0x10085dd6                GUIDRV_FlexColor_Config
 .text.GUIDRV_FlexColor_SetFunc
                0x10085e16       0x30 Generated_Source\PSoC6\pdl\middleware\emWin\libs\GCC\libemWin_nosnts_gcc.a(GUIDRV_FlexColor.o)
                0x10085e16                GUIDRV_FlexColor_SetFunc
 .text._WriteU16_A1
                0x10085e46       0x1c Generated_Source\PSoC6\pdl\middleware\emWin\libs\GCC\libemWin_nosnts_gcc.a(GUIDRV_FlexColor_16bpp_C0B8.o)
 .text._WriteDataMP
                0x10085e62       0x4a Generated_Source\PSoC6\pdl\middleware\emWin\libs\GCC\libemWin_nosnts_gcc.a(GUIDRV_FlexColor_16bpp_C0B8.o)
 .text._ReadData
                0x10085eac        0xc Generated_Source\PSoC6\pdl\middleware\emWin\libs\GCC\libemWin_nosnts_gcc.a(GUIDRV_FlexColor_16bpp_C0B8.o)
 .text._WriteData
                0x10085eb8        0xa Generated_Source\PSoC6\pdl\middleware\emWin\libs\GCC\libemWin_nosnts_gcc.a(GUIDRV_FlexColor_16bpp_C0B8.o)
 *fill*         0x10085ec2        0x2 
 .text._FillRect
                0x10085ec4      0x124 Generated_Source\PSoC6\pdl\middleware\emWin\libs\GCC\libemWin_nosnts_gcc.a(GUIDRV_FlexColor_16bpp_C0B8.o)
 .text._DrawBitmap
                0x10085fe8      0x540 Generated_Source\PSoC6\pdl\middleware\emWin\libs\GCC\libemWin_nosnts_gcc.a(GUIDRV_FlexColor_16bpp_C0B8.o)
 .text.GUIDRV_FlexColor_SetMode16bppC0B8
                0x10086528       0x60 Generated_Source\PSoC6\pdl\middleware\emWin\libs\GCC\libemWin_nosnts_gcc.a(GUIDRV_FlexColor_16bpp_C0B8.o)
                0x10086528                GUIDRV_FlexColor_SetMode16bppC0B8
 .text._SetPhysRAMAddr
                0x10086588       0xac Generated_Source\PSoC6\pdl\middleware\emWin\libs\GCC\libemWin_nosnts_gcc.a(GUIDRV_FlexColor_Func66709.o)
 .text._SetRect
                0x10086634       0xa8 Generated_Source\PSoC6\pdl\middleware\emWin\libs\GCC\libemWin_nosnts_gcc.a(GUIDRV_FlexColor_Func66709.o)
 .text._SetOrientation
                0x100866dc       0x38 Generated_Source\PSoC6\pdl\middleware\emWin\libs\GCC\libemWin_nosnts_gcc.a(GUIDRV_FlexColor_Func66709.o)
 .text._ReadPixel_16bpp_B8
                0x10086714       0x32 Generated_Source\PSoC6\pdl\middleware\emWin\libs\GCC\libemWin_nosnts_gcc.a(GUIDRV_FlexColor_Func66709.o)
 .text._ReadPixel_16bpp_B16_I
                0x10086746       0x3e Generated_Source\PSoC6\pdl\middleware\emWin\libs\GCC\libemWin_nosnts_gcc.a(GUIDRV_FlexColor_Func66709.o)
 .text._SetReg_B8
                0x10086784       0x16 Generated_Source\PSoC6\pdl\middleware\emWin\libs\GCC\libemWin_nosnts_gcc.a(GUIDRV_FlexColor_Func66709.o)
 .text._SetReg_B16
                0x1008679a        0xe Generated_Source\PSoC6\pdl\middleware\emWin\libs\GCC\libemWin_nosnts_gcc.a(GUIDRV_FlexColor_Func66709.o)
 .text._WritePara_B8
                0x100867a8        0xe Generated_Source\PSoC6\pdl\middleware\emWin\libs\GCC\libemWin_nosnts_gcc.a(GUIDRV_FlexColor_Func66709.o)
 .text._WritePara_B16
                0x100867b6        0xe Generated_Source\PSoC6\pdl\middleware\emWin\libs\GCC\libemWin_nosnts_gcc.a(GUIDRV_FlexColor_Func66709.o)
 .text._SetInterface
                0x100867c4       0x38 Generated_Source\PSoC6\pdl\middleware\emWin\libs\GCC\libemWin_nosnts_gcc.a(GUIDRV_FlexColor_Func66709.o)
 .text._ReadRect_16bpp_B8
                0x100867fc       0x5e Generated_Source\PSoC6\pdl\middleware\emWin\libs\GCC\libemWin_nosnts_gcc.a(GUIDRV_FlexColor_Func66709.o)
 .text._ReadRect_16bpp_B16_I
                0x1008685a       0x64 Generated_Source\PSoC6\pdl\middleware\emWin\libs\GCC\libemWin_nosnts_gcc.a(GUIDRV_FlexColor_Func66709.o)
 *fill*         0x100868be        0x2 
 .text.GUIDRV_FlexColor_SetFunc66709
                0x100868c0       0x68 Generated_Source\PSoC6\pdl\middleware\emWin\libs\GCC\libemWin_nosnts_gcc.a(GUIDRV_FlexColor_Func66709.o)
                0x100868c0                GUIDRV_FlexColor_SetFunc66709
 .text._SetDrawMode
                0x10086928       0x28 Generated_Source\PSoC6\pdl\middleware\emWin\libs\GCC\libemWin_nosnts_gcc.a(LCD.o)
 .text.LCD_SetDrawMode
                0x10086950       0x10 Generated_Source\PSoC6\pdl\middleware\emWin\libs\GCC\libemWin_nosnts_gcc.a(LCD.o)
                0x10086950                LCD_SetDrawMode
 .text.LCD_DrawPixel
                0x10086960       0x5c Generated_Source\PSoC6\pdl\middleware\emWin\libs\GCC\libemWin_nosnts_gcc.a(LCD.o)
                0x10086960                LCD_DrawPixel
 .text.LCD_DrawHLine
                0x100869bc       0x4c Generated_Source\PSoC6\pdl\middleware\emWin\libs\GCC\libemWin_nosnts_gcc.a(LCD.o)
                0x100869bc                LCD_DrawHLine
 .text.LCD_DrawVLine
                0x10086a08       0x4c Generated_Source\PSoC6\pdl\middleware\emWin\libs\GCC\libemWin_nosnts_gcc.a(LCD.o)
                0x10086a08                LCD_DrawVLine
 .text.LCD_FillRect
                0x10086a54       0x54 Generated_Source\PSoC6\pdl\middleware\emWin\libs\GCC\libemWin_nosnts_gcc.a(LCD.o)
                0x10086a54                LCD_FillRect
 .text.LCD__DrawBitmap_1bpp
                0x10086aa8      0x1cc Generated_Source\PSoC6\pdl\middleware\emWin\libs\GCC\libemWin_nosnts_gcc.a(LCD.o)
                0x10086aa8                LCD__DrawBitmap_1bpp
 .text.LCD_DrawBitmap
                0x10086c74      0x20c Generated_Source\PSoC6\pdl\middleware\emWin\libs\GCC\libemWin_nosnts_gcc.a(LCD.o)
                0x10086c74                LCD_DrawBitmap
 .text.LCD_SetClipRectMax
                0x10086e80       0x20 Generated_Source\PSoC6\pdl\middleware\emWin\libs\GCC\libemWin_nosnts_gcc.a(LCD.o)
                0x10086e80                LCD_SetClipRectMax
 .text.LCD_Init
                0x10086ea0       0x94 Generated_Source\PSoC6\pdl\middleware\emWin\libs\GCC\libemWin_nosnts_gcc.a(LCD.o)
                0x10086ea0                LCD_Init
 .text.LCD_Color2Index
                0x10086f34       0x20 Generated_Source\PSoC6\pdl\middleware\emWin\libs\GCC\libemWin_nosnts_gcc.a(LCD.o)
                0x10086f34                LCD_Color2Index
 .text.LCD_Index2Color
                0x10086f54       0x20 Generated_Source\PSoC6\pdl\middleware\emWin\libs\GCC\libemWin_nosnts_gcc.a(LCD.o)
                0x10086f54                LCD_Index2Color
 .text.LCD_SetColorIndex
                0x10086f74       0x18 Generated_Source\PSoC6\pdl\middleware\emWin\libs\GCC\libemWin_nosnts_gcc.a(LCD.o)
                0x10086f74                LCD_SetColorIndex
 .text._SetColor
                0x10086f8c       0x1c Generated_Source\PSoC6\pdl\middleware\emWin\libs\GCC\libemWin_nosnts_gcc.a(LCD.o)
 .text.LCD_SetBkColorIndex
                0x10086fa8       0x18 Generated_Source\PSoC6\pdl\middleware\emWin\libs\GCC\libemWin_nosnts_gcc.a(LCD.o)
                0x10086fa8                LCD_SetBkColorIndex
 .text._SetBkColor
                0x10086fc0       0x1c Generated_Source\PSoC6\pdl\middleware\emWin\libs\GCC\libemWin_nosnts_gcc.a(LCD.o)
 .text.LCD_SetBkColor
                0x10086fdc       0x10 Generated_Source\PSoC6\pdl\middleware\emWin\libs\GCC\libemWin_nosnts_gcc.a(LCD.o)
                0x10086fdc                LCD_SetBkColor
 .text.LCD_SetColor
                0x10086fec       0x10 Generated_Source\PSoC6\pdl\middleware\emWin\libs\GCC\libemWin_nosnts_gcc.a(LCD.o)
                0x10086fec                LCD_SetColor
 .text._OnExit  0x10086ffc       0x1c Generated_Source\PSoC6\pdl\middleware\emWin\libs\GCC\libemWin_nosnts_gcc.a(LCD_Color.o)
 .text.LCD_InitColors
                0x10087018       0x40 Generated_Source\PSoC6\pdl\middleware\emWin\libs\GCC\libemWin_nosnts_gcc.a(LCD_Color.o)
                0x10087018                LCD_InitColors
 .text.LCD_GetpPalConvTableUncached
                0x10087058       0x68 Generated_Source\PSoC6\pdl\middleware\emWin\libs\GCC\libemWin_nosnts_gcc.a(LCD_Color.o)
                0x10087058                LCD_GetpPalConvTableUncached
 .text.LCD_GetpPalConvTableBM
                0x100870c0        0x8 Generated_Source\PSoC6\pdl\middleware\emWin\libs\GCC\libemWin_nosnts_gcc.a(LCD_Color.o)
                0x100870c0                LCD_GetpPalConvTableBM
 .text.LCD_InitLUT
                0x100870c8       0x7c Generated_Source\PSoC6\pdl\middleware\emWin\libs\GCC\libemWin_nosnts_gcc.a(LCD_Color.o)
                0x100870c8                LCD_InitLUT
 .text.LCD_GetBkColorIndex
                0x10087144       0x10 Generated_Source\PSoC6\pdl\middleware\emWin\libs\GCC\libemWin_nosnts_gcc.a(LCD_GetColorIndex.o)
                0x10087144                LCD_GetBkColorIndex
 .text.LCD_GetColorIndex
                0x10087154       0x10 Generated_Source\PSoC6\pdl\middleware\emWin\libs\GCC\libemWin_nosnts_gcc.a(LCD_GetColorIndex.o)
                0x10087154                LCD_GetColorIndex
 .text._GetDevProp.part.0
                0x10087164       0x16 Generated_Source\PSoC6\pdl\middleware\emWin\libs\GCC\libemWin_nosnts_gcc.a(LCD_GetEx.o)
 .text._GetDevProp
                0x1008717a       0x12 Generated_Source\PSoC6\pdl\middleware\emWin\libs\GCC\libemWin_nosnts_gcc.a(LCD_GetEx.o)
 .text._GetMaxValue
                0x1008718c       0x12 Generated_Source\PSoC6\pdl\middleware\emWin\libs\GCC\libemWin_nosnts_gcc.a(LCD_GetEx.o)
 .text.LCD_GetXSizeEx
                0x1008719e        0xa Generated_Source\PSoC6\pdl\middleware\emWin\libs\GCC\libemWin_nosnts_gcc.a(LCD_GetEx.o)
                0x1008719e                LCD_GetXSizeEx
 .text.LCD_GetYSizeEx
                0x100871a8        0xa Generated_Source\PSoC6\pdl\middleware\emWin\libs\GCC\libemWin_nosnts_gcc.a(LCD_GetEx.o)
                0x100871a8                LCD_GetYSizeEx
 .text.LCD_GetVXSizeEx
                0x100871b2        0xa Generated_Source\PSoC6\pdl\middleware\emWin\libs\GCC\libemWin_nosnts_gcc.a(LCD_GetEx.o)
                0x100871b2                LCD_GetVXSizeEx
 .text.LCD_GetVYSizeEx
                0x100871bc        0xa Generated_Source\PSoC6\pdl\middleware\emWin\libs\GCC\libemWin_nosnts_gcc.a(LCD_GetEx.o)
                0x100871bc                LCD_GetVYSizeEx
 .text.LCD_GetBitsPerPixelEx
                0x100871c6        0xa Generated_Source\PSoC6\pdl\middleware\emWin\libs\GCC\libemWin_nosnts_gcc.a(LCD_GetEx.o)
                0x100871c6                LCD_GetBitsPerPixelEx
 .text.LCD_GetNumColorsEx
                0x100871d0        0xa Generated_Source\PSoC6\pdl\middleware\emWin\libs\GCC\libemWin_nosnts_gcc.a(LCD_GetEx.o)
                0x100871d0                LCD_GetNumColorsEx
 *fill*         0x100871da        0x2 
 .text.LCD_GetXSize
                0x100871dc       0x14 Generated_Source\PSoC6\pdl\middleware\emWin\libs\GCC\libemWin_nosnts_gcc.a(LCD_GetEx.o)
                0x100871dc                LCD_GetXSize
 .text.LCD_GetYSize
                0x100871f0       0x14 Generated_Source\PSoC6\pdl\middleware\emWin\libs\GCC\libemWin_nosnts_gcc.a(LCD_GetEx.o)
                0x100871f0                LCD_GetYSize
 .text.LCD_GetNumColors
                0x10087204       0x14 Generated_Source\PSoC6\pdl\middleware\emWin\libs\GCC\libemWin_nosnts_gcc.a(LCD_GetEx.o)
                0x10087204                LCD_GetNumColors
 .text.GUI_GetBitsPerPixelEx
                0x10087218       0x18 Generated_Source\PSoC6\pdl\middleware\emWin\libs\GCC\libemWin_nosnts_gcc.a(LCD_GetEx.o)
                0x10087218                GUI_GetBitsPerPixelEx
 .text.LCD_GetPaletteEx
                0x10087230       0x14 Generated_Source\PSoC6\pdl\middleware\emWin\libs\GCC\libemWin_nosnts_gcc.a(LCD_GetEx.o)
                0x10087230                LCD_GetPaletteEx
 .text.LCD_GetPalette
                0x10087244       0x14 Generated_Source\PSoC6\pdl\middleware\emWin\libs\GCC\libemWin_nosnts_gcc.a(LCD_GetEx.o)
                0x10087244                LCD_GetPalette
 .text.GUI_GetpfIndex2ColorEx
                0x10087258       0x10 Generated_Source\PSoC6\pdl\middleware\emWin\libs\GCC\libemWin_nosnts_gcc.a(LCD_GetEx.o)
                0x10087258                GUI_GetpfIndex2ColorEx
 .text.GUI_GetpfColor2IndexEx
                0x10087268       0x10 Generated_Source\PSoC6\pdl\middleware\emWin\libs\GCC\libemWin_nosnts_gcc.a(LCD_GetEx.o)
                0x10087268                GUI_GetpfColor2IndexEx
 .text.LCD_GetXSizeMax
                0x10087278        0xa Generated_Source\PSoC6\pdl\middleware\emWin\libs\GCC\libemWin_nosnts_gcc.a(LCD_GetEx.o)
                0x10087278                LCD_GetXSizeMax
 .text.LCD_GetYSizeMax
                0x10087282        0xa Generated_Source\PSoC6\pdl\middleware\emWin\libs\GCC\libemWin_nosnts_gcc.a(LCD_GetEx.o)
                0x10087282                LCD_GetYSizeMax
 .text.LCD_GetVXSizeMax
                0x1008728c        0xa Generated_Source\PSoC6\pdl\middleware\emWin\libs\GCC\libemWin_nosnts_gcc.a(LCD_GetEx.o)
                0x1008728c                LCD_GetVXSizeMax
 *fill*         0x10087296        0x2 
 .text.LCD_SetDisplaySize
                0x10087298        0xc Generated_Source\PSoC6\pdl\middleware\emWin\libs\GCC\libemWin_nosnts_gcc.a(LCD_GetEx.o)
                0x10087298                LCD_SetDisplaySize
 .text.LCD_GetXSizeDisplay
                0x100872a4        0xc Generated_Source\PSoC6\pdl\middleware\emWin\libs\GCC\libemWin_nosnts_gcc.a(LCD_GetEx.o)
                0x100872a4                LCD_GetXSizeDisplay
 .text.LCD_GetYSizeDisplay
                0x100872b0        0xc Generated_Source\PSoC6\pdl\middleware\emWin\libs\GCC\libemWin_nosnts_gcc.a(LCD_GetEx.o)
                0x100872b0                LCD_GetYSizeDisplay
 .text.LCD__GetBPP
                0x100872bc       0x72 Generated_Source\PSoC6\pdl\middleware\emWin\libs\GCC\libemWin_nosnts_gcc.a(LCD_GetEx.o)
                0x100872bc                LCD__GetBPP
 .text.LCD__GetBPPDevice
                0x1008732e       0x2a Generated_Source\PSoC6\pdl\middleware\emWin\libs\GCC\libemWin_nosnts_gcc.a(LCD_GetEx.o)
                0x1008732e                LCD__GetBPPDevice
 .text.LCD_GetNumLayers
                0x10087358        0xe Generated_Source\PSoC6\pdl\middleware\emWin\libs\GCC\libemWin_nosnts_gcc.a(LCD_GetNumDisplays.o)
                0x10087358                LCD_GetNumLayers
 *fill*         0x10087366        0x2 
 .text.LCD_SelectLCD
                0x10087368       0x44 Generated_Source\PSoC6\pdl\middleware\emWin\libs\GCC\libemWin_nosnts_gcc.a(LCD_SelectLCD.o)
                0x10087368                LCD_SelectLCD
 .text.LCD_SetLUTEntryEx
                0x100873ac       0x2e Generated_Source\PSoC6\pdl\middleware\emWin\libs\GCC\libemWin_nosnts_gcc.a(LCD_Set.o)
                0x100873ac                LCD_SetLUTEntryEx
 .text.LCD_SetSizeEx
                0x100873da       0x2e Generated_Source\PSoC6\pdl\middleware\emWin\libs\GCC\libemWin_nosnts_gcc.a(LCD_Set.o)
                0x100873da                LCD_SetSizeEx
 .text.LCD_SetVSizeEx
                0x10087408       0x2e Generated_Source\PSoC6\pdl\middleware\emWin\libs\GCC\libemWin_nosnts_gcc.a(LCD_Set.o)
                0x10087408                LCD_SetVSizeEx
 *fill*         0x10087436        0x2 
 .text.LCD_UpdateColorIndices
                0x10087438       0x24 Generated_Source\PSoC6\pdl\middleware\emWin\libs\GCC\libemWin_nosnts_gcc.a(LCD_UpdateColorIndices.o)
                0x10087438                LCD_UpdateColorIndices
 .text._OnExit  0x1008745c       0x88 Generated_Source\PSoC6\pdl\middleware\emWin\libs\GCC\libemWin_nosnts_gcc.a(WM.o)
 .text._Paint1  0x100874e4       0x20 Generated_Source\PSoC6\pdl\middleware\emWin\libs\GCC\libemWin_nosnts_gcc.a(WM.o)
 .text._Findy1  0x10087504       0xb4 Generated_Source\PSoC6\pdl\middleware\emWin\libs\GCC\libemWin_nosnts_gcc.a(WM.o)
 .text._Findx0  0x100875b8       0x8a Generated_Source\PSoC6\pdl\middleware\emWin\libs\GCC\libemWin_nosnts_gcc.a(WM.o)
 .text._Findx1  0x10087642       0x7c Generated_Source\PSoC6\pdl\middleware\emWin\libs\GCC\libemWin_nosnts_gcc.a(WM.o)
 *fill*         0x100876be        0x2 
 .text._Paint1Trans
                0x100876c0       0x90 Generated_Source\PSoC6\pdl\middleware\emWin\libs\GCC\libemWin_nosnts_gcc.a(WM.o)
 .text._PaintTransChildren
                0x10087750       0xb8 Generated_Source\PSoC6\pdl\middleware\emWin\libs\GCC\libemWin_nosnts_gcc.a(WM.o)
 .text.WM__PaintWinAndOverlays
                0x10087808       0x7c Generated_Source\PSoC6\pdl\middleware\emWin\libs\GCC\libemWin_nosnts_gcc.a(WM.o)
 .text._cbPaintMemDev
                0x10087884       0x64 Generated_Source\PSoC6\pdl\middleware\emWin\libs\GCC\libemWin_nosnts_gcc.a(WM.o)
 .text.WM__ClipAtParentBorders
                0x100878e8       0x54 Generated_Source\PSoC6\pdl\middleware\emWin\libs\GCC\libemWin_nosnts_gcc.a(WM.o)
                0x100878e8                WM__ClipAtParentBorders
 .text.WM__InsertWindowIntoList
                0x1008793c       0xaa Generated_Source\PSoC6\pdl\middleware\emWin\libs\GCC\libemWin_nosnts_gcc.a(WM.o)
                0x1008793c                WM__InsertWindowIntoList
 .text.WM__RemoveWindowFromList
                0x100879e6       0x3e Generated_Source\PSoC6\pdl\middleware\emWin\libs\GCC\libemWin_nosnts_gcc.a(WM.o)
                0x100879e6                WM__RemoveWindowFromList
 .text.WM__Client2Screen
                0x10087a24       0x14 Generated_Source\PSoC6\pdl\middleware\emWin\libs\GCC\libemWin_nosnts_gcc.a(WM.o)
                0x10087a24                WM__Client2Screen
 .text._SetClipRectUserIntersect
                0x10087a38       0x50 Generated_Source\PSoC6\pdl\middleware\emWin\libs\GCC\libemWin_nosnts_gcc.a(WM.o)
 .text.WM__ActivateClipRect
                0x10087a88       0x50 Generated_Source\PSoC6\pdl\middleware\emWin\libs\GCC\libemWin_nosnts_gcc.a(WM.o)
                0x10087a88                WM__ActivateClipRect
 .text.WM__IsWindow
                0x10087ad8       0x20 Generated_Source\PSoC6\pdl\middleware\emWin\libs\GCC\libemWin_nosnts_gcc.a(WM.o)
                0x10087ad8                WM__IsWindow
 .text.WM__InvalidateDrawAndDescs
                0x10087af8       0x54 Generated_Source\PSoC6\pdl\middleware\emWin\libs\GCC\libemWin_nosnts_gcc.a(WM.o)
                0x10087af8                WM__InvalidateDrawAndDescs
 .text.WM__RectIsNZ
                0x10087b4c       0x22 Generated_Source\PSoC6\pdl\middleware\emWin\libs\GCC\libemWin_nosnts_gcc.a(WM.o)
                0x10087b4c                WM__RectIsNZ
 *fill*         0x10087b6e        0x2 
 .text._Invalidate1Abs
                0x10087b70       0x88 Generated_Source\PSoC6\pdl\middleware\emWin\libs\GCC\libemWin_nosnts_gcc.a(WM.o)
 .text.WM__Invalidate1Abs
                0x10087bf8        0xa Generated_Source\PSoC6\pdl\middleware\emWin\libs\GCC\libemWin_nosnts_gcc.a(WM.o)
                0x10087bf8                WM__Invalidate1Abs
 .text.WM_InvalidateWindowAndDescsEx
                0x10087c02       0x60 Generated_Source\PSoC6\pdl\middleware\emWin\libs\GCC\libemWin_nosnts_gcc.a(WM.o)
                0x10087c02                WM_InvalidateWindowAndDescsEx
 *fill*         0x10087c62        0x2 
 .text.WM__InvalidateRect
                0x10087c64       0x80 Generated_Source\PSoC6\pdl\middleware\emWin\libs\GCC\libemWin_nosnts_gcc.a(WM.o)
                0x10087c64                WM__InvalidateRect
 .text.WM__InvalidateParent
                0x10087ce4       0x28 Generated_Source\PSoC6\pdl\middleware\emWin\libs\GCC\libemWin_nosnts_gcc.a(WM.o)
                0x10087ce4                WM__InvalidateParent
 .text.WM__InvalidateRectEx
                0x10087d0c        0xa Generated_Source\PSoC6\pdl\middleware\emWin\libs\GCC\libemWin_nosnts_gcc.a(WM.o)
                0x10087d0c                WM__InvalidateRectEx
 .text.WM__DetachWindow
                0x10087d16       0x2a Generated_Source\PSoC6\pdl\middleware\emWin\libs\GCC\libemWin_nosnts_gcc.a(WM.o)
                0x10087d16                WM__DetachWindow
 .text.WM__SendMsgNoData
                0x10087d40       0x10 Generated_Source\PSoC6\pdl\middleware\emWin\libs\GCC\libemWin_nosnts_gcc.a(WM.o)
                0x10087d40                WM__SendMsgNoData
 .text.WM__GetClientRectWin
                0x10087d50       0x18 Generated_Source\PSoC6\pdl\middleware\emWin\libs\GCC\libemWin_nosnts_gcc.a(WM.o)
                0x10087d50                WM__GetClientRectWin
 .text.WM_InvalidateRect
                0x10087d68       0x80 Generated_Source\PSoC6\pdl\middleware\emWin\libs\GCC\libemWin_nosnts_gcc.a(WM.o)
                0x10087d68                WM_InvalidateRect
 .text.WM_InvalidateWindow
                0x10087de8        0xa Generated_Source\PSoC6\pdl\middleware\emWin\libs\GCC\libemWin_nosnts_gcc.a(WM.o)
                0x10087de8                WM_InvalidateWindow
 *fill*         0x10087df2        0x2 
 .text.WM_SelectWindow
                0x10087df4       0x38 Generated_Source\PSoC6\pdl\middleware\emWin\libs\GCC\libemWin_nosnts_gcc.a(WM.o)
                0x10087df4                WM_SelectWindow
 .text.WM_CreateWindowAsChild
                0x10087e2c      0x144 Generated_Source\PSoC6\pdl\middleware\emWin\libs\GCC\libemWin_nosnts_gcc.a(WM.o)
                0x10087e2c                WM_CreateWindowAsChild
 .text.WM_CreateWindow
                0x10087f70       0x1a Generated_Source\PSoC6\pdl\middleware\emWin\libs\GCC\libemWin_nosnts_gcc.a(WM.o)
                0x10087f70                WM_CreateWindow
 *fill*         0x10087f8a        0x2 
 .text.WM_DeleteWindow
                0x10087f8c       0xf8 Generated_Source\PSoC6\pdl\middleware\emWin\libs\GCC\libemWin_nosnts_gcc.a(WM.o)
                0x10087f8c                WM_DeleteWindow
 .text._Exec1Input
                0x10088084       0x8c Generated_Source\PSoC6\pdl\middleware\emWin\libs\GCC\libemWin_nosnts_gcc.a(WM.o)
 .text.WM__GetNextIVR
                0x10088110      0x160 Generated_Source\PSoC6\pdl\middleware\emWin\libs\GCC\libemWin_nosnts_gcc.a(WM.o)
                0x10088110                WM__GetNextIVR
 .text.WM__InitIVRSearch
                0x10088270      0x100 Generated_Source\PSoC6\pdl\middleware\emWin\libs\GCC\libemWin_nosnts_gcc.a(WM.o)
                0x10088270                WM__InitIVRSearch
 .text.WM_SetDefault
                0x10088370       0x14 Generated_Source\PSoC6\pdl\middleware\emWin\libs\GCC\libemWin_nosnts_gcc.a(WM.o)
                0x10088370                WM_SetDefault
 .text.WM__Paint1
                0x10088384       0x90 Generated_Source\PSoC6\pdl\middleware\emWin\libs\GCC\libemWin_nosnts_gcc.a(WM.o)
                0x10088384                WM__Paint1
 .text.WM__Paint
                0x10088414       0xa8 Generated_Source\PSoC6\pdl\middleware\emWin\libs\GCC\libemWin_nosnts_gcc.a(WM.o)
                0x10088414                WM__Paint
 .text._Exec1Draw
                0x100884bc       0x88 Generated_Source\PSoC6\pdl\middleware\emWin\libs\GCC\libemWin_nosnts_gcc.a(WM.o)
 .text.WM_Exec  0x10088544       0x80 Generated_Source\PSoC6\pdl\middleware\emWin\libs\GCC\libemWin_nosnts_gcc.a(WM.o)
                0x10088544                WM_Exec
 .text.WM_Activate
                0x100885c4       0x10 Generated_Source\PSoC6\pdl\middleware\emWin\libs\GCC\libemWin_nosnts_gcc.a(WM.o)
                0x100885c4                WM_Activate
 .text.WM_Deactivate
                0x100885d4       0x18 Generated_Source\PSoC6\pdl\middleware\emWin\libs\GCC\libemWin_nosnts_gcc.a(WM.o)
                0x100885d4                WM_Deactivate
 .text.WM_DefaultProc
                0x100885ec       0x48 Generated_Source\PSoC6\pdl\middleware\emWin\libs\GCC\libemWin_nosnts_gcc.a(WM.o)
                0x100885ec                WM_DefaultProc
 .text._cbBackWin
                0x10088634       0x44 Generated_Source\PSoC6\pdl\middleware\emWin\libs\GCC\libemWin_nosnts_gcc.a(WM.o)
 .text.WM_Init  0x10088678       0xa4 Generated_Source\PSoC6\pdl\middleware\emWin\libs\GCC\libemWin_nosnts_gcc.a(WM.o)
                0x10088678                WM_Init
 .text.WM__GetFirstSibling
                0x1008871c       0x16 Generated_Source\PSoC6\pdl\middleware\emWin\libs\GCC\libemWin_nosnts_gcc.a(WM__Private.o)
                0x1008871c                WM__GetFirstSibling
 .text.WM__GetPrevSibling
                0x10088732       0x28 Generated_Source\PSoC6\pdl\middleware\emWin\libs\GCC\libemWin_nosnts_gcc.a(WM__Private.o)
                0x10088732                WM__GetPrevSibling
 *fill*         0x1008875a        0x2 
 .text.WM__SendMessage
                0x1008875c       0x38 Generated_Source\PSoC6\pdl\middleware\emWin\libs\GCC\libemWin_nosnts_gcc.a(WM__Private.o)
                0x1008875c                WM__SendMessage
 .text.WM__SendMessageNoPara
                0x10088794       0x2a Generated_Source\PSoC6\pdl\middleware\emWin\libs\GCC\libemWin_nosnts_gcc.a(WM__Private.o)
                0x10088794                WM__SendMessageNoPara
 .text.WM__UpdateChildPositions
                0x100887be       0xf0 Generated_Source\PSoC6\pdl\middleware\emWin\libs\GCC\libemWin_nosnts_gcc.a(WM__Private.o)
                0x100887be                WM__UpdateChildPositions
 *fill*         0x100888ae        0x2 
 .text.WM__AddCriticalHandle
                0x100888b0       0x10 Generated_Source\PSoC6\pdl\middleware\emWin\libs\GCC\libemWin_nosnts_gcc.a(WM__Private.o)
                0x100888b0                WM__AddCriticalHandle
 .text.WM__GetClientRectEx
                0x100888c0       0x20 Generated_Source\PSoC6\pdl\middleware\emWin\libs\GCC\libemWin_nosnts_gcc.a(WM__Private.o)
                0x100888c0                WM__GetClientRectEx
 .text.WM_GetDesktopWindow
                0x100888e0        0xc Generated_Source\PSoC6\pdl\middleware\emWin\libs\GCC\libemWin_nosnts_gcc.a(WM_Lib.o)
                0x100888e0                WM_GetDesktopWindow
 .text.WM_GetFirstChild
                0x100888ec        0xe Generated_Source\PSoC6\pdl\middleware\emWin\libs\GCC\libemWin_nosnts_gcc.a(WM_Lib.o)
                0x100888ec                WM_GetFirstChild
 .text.WM_GetWindowOrgX
                0x100888fa       0x14 Generated_Source\PSoC6\pdl\middleware\emWin\libs\GCC\libemWin_nosnts_gcc.a(WM_Lib.o)
                0x100888fa                WM_GetWindowOrgX
 .text.WM_GetParent
                0x1008890e        0xe Generated_Source\PSoC6\pdl\middleware\emWin\libs\GCC\libemWin_nosnts_gcc.a(WM_Lib.o)
                0x1008890e                WM_GetParent
 .text.WM_BringToBottom
                0x1008891c       0x80 Generated_Source\PSoC6\pdl\middleware\emWin\libs\GCC\libemWin_nosnts_gcc.a(WM_Lib.o)
                0x1008891c                WM_BringToBottom
 .text.WM_OnKey
                0x1008899c       0x2c Generated_Source\PSoC6\pdl\middleware\emWin\libs\GCC\libemWin_nosnts_gcc.a(WM_Lib.o)
                0x1008899c                WM_OnKey
 .text.WM_ResizeWindow
                0x100889c8       0xfc Generated_Source\PSoC6\pdl\middleware\emWin\libs\GCC\libemWin_nosnts_gcc.a(WM_Lib.o)
                0x100889c8                WM_ResizeWindow
 .text.WM_SendMessageNoPara
                0x10088ac4        0x8 Generated_Source\PSoC6\pdl\middleware\emWin\libs\GCC\libemWin_nosnts_gcc.a(WM_Lib.o)
                0x10088ac4                WM_SendMessageNoPara
 .text.WM_SendToParent
                0x10088acc       0x1a Generated_Source\PSoC6\pdl\middleware\emWin\libs\GCC\libemWin_nosnts_gcc.a(WM_Lib.o)
                0x10088acc                WM_SendToParent
 .text.WM_NotifyParent
                0x10088ae6       0x12 Generated_Source\PSoC6\pdl\middleware\emWin\libs\GCC\libemWin_nosnts_gcc.a(WM_Lib.o)
                0x10088ae6                WM_NotifyParent
 .text.WM_SetSize
                0x10088af8       0x40 Generated_Source\PSoC6\pdl\middleware\emWin\libs\GCC\libemWin_nosnts_gcc.a(WM_Lib.o)
                0x10088af8                WM_SetSize
 .text._MoveDescendents
                0x10088b38       0x68 Generated_Source\PSoC6\pdl\middleware\emWin\libs\GCC\libemWin_nosnts_gcc.a(WM_Move.o)
 .text.WM__MoveWindow
                0x10088ba0       0x9c Generated_Source\PSoC6\pdl\middleware\emWin\libs\GCC\libemWin_nosnts_gcc.a(WM_Move.o)
                0x10088ba0                WM__MoveWindow
 .text.WM_MoveWindow
                0x10088c3c        0x8 Generated_Source\PSoC6\pdl\middleware\emWin\libs\GCC\libemWin_nosnts_gcc.a(WM_Move.o)
                0x10088c3c                WM_MoveWindow
 .text.WM_DeleteTimer
                0x10088c44       0x20 Generated_Source\PSoC6\pdl\middleware\emWin\libs\GCC\libemWin_nosnts_gcc.a(WM_Timer.o)
                0x10088c44                WM_DeleteTimer
 .text.WM__DeleteAssocTimer
                0x10088c64       0x4e Generated_Source\PSoC6\pdl\middleware\emWin\libs\GCC\libemWin_nosnts_gcc.a(WM_Timer.o)
                0x10088c64                WM__DeleteAssocTimer
 *fill*         0x10088cb2        0x2 
 .text.GUI__MixColorsBulk
                0x10088cb4       0x90 Generated_Source\PSoC6\pdl\middleware\emWin\libs\GCC\libemWin_nosnts_gcc.a(GUI__Alpha.o)
                0x10088cb4                GUI__MixColorsBulk
 .text.GUI__MixColors
                0x10088d44       0x60 Generated_Source\PSoC6\pdl\middleware\emWin\libs\GCC\libemWin_nosnts_gcc.a(GUI__Alpha.o)
                0x10088d44                GUI__MixColors
 .text._OnExit  0x10088da4       0x28 Generated_Source\PSoC6\pdl\middleware\emWin\libs\GCC\libemWin_nosnts_gcc.a(GUI__Alpha.o)
 .text.GUI__GetAlphaBuffer
                0x10088dcc       0xb4 Generated_Source\PSoC6\pdl\middleware\emWin\libs\GCC\libemWin_nosnts_gcc.a(GUI__Alpha.o)
                0x10088dcc                GUI__GetAlphaBuffer
 .text.GUI__DoAlphaBlending
                0x10088e80      0x1c8 Generated_Source\PSoC6\pdl\middleware\emWin\libs\GCC\libemWin_nosnts_gcc.a(GUI__Alpha.o)
                0x10088e80                GUI__DoAlphaBlending
 .text.GUI__AllocAlphaBuffer
                0x10089048       0x1a Generated_Source\PSoC6\pdl\middleware\emWin\libs\GCC\libemWin_nosnts_gcc.a(GUI__Alpha.o)
                0x10089048                GUI__AllocAlphaBuffer
 *fill*         0x10089062        0x2 
 .text.GUI__ExpandPixelIndicesEx
                0x10089064      0x18c Generated_Source\PSoC6\pdl\middleware\emWin\libs\GCC\libemWin_nosnts_gcc.a(GUI__ExpandPixelIndices.o)
                0x10089064                GUI__ExpandPixelIndicesEx
 .text.GUI__ManageCacheEx
                0x100891f0       0xe0 Generated_Source\PSoC6\pdl\middleware\emWin\libs\GCC\libemWin_nosnts_gcc.a(GUI__ManageCache.o)
                0x100891f0                GUI__ManageCacheEx
 .text.GUI__ManageCache
                0x100892d0       0x14 Generated_Source\PSoC6\pdl\middleware\emWin\libs\GCC\libemWin_nosnts_gcc.a(GUI__ManageCache.o)
                0x100892d0                GUI__ManageCache
 .text.GUI__IntersectRect
                0x100892e4       0x3c Generated_Source\PSoC6\pdl\middleware\emWin\libs\GCC\libemWin_nosnts_gcc.a(GUI__Private.o)
                0x100892e4                GUI__IntersectRect
 .text.GUI__IntersectRects
                0x10089320       0x68 Generated_Source\PSoC6\pdl\middleware\emWin\libs\GCC\libemWin_nosnts_gcc.a(GUI__Private.o)
                0x10089320                GUI__IntersectRects
 .text.GUI__memset16
                0x10089388       0x5a Generated_Source\PSoC6\pdl\middleware\emWin\libs\GCC\libemWin_nosnts_gcc.a(GUI__Private.o)
                0x10089388                GUI__memset16
 *fill*         0x100893e2        0x2 
 .text.GUI_GetYAdjust
                0x100893e4       0x2c Generated_Source\PSoC6\pdl\middleware\emWin\libs\GCC\libemWin_nosnts_gcc.a(GUI_Char.o)
                0x100893e4                GUI_GetYAdjust
 .text.GUI_GetFontDistY
                0x10089410       0x10 Generated_Source\PSoC6\pdl\middleware\emWin\libs\GCC\libemWin_nosnts_gcc.a(GUI_Char.o)
                0x10089410                GUI_GetFontDistY
 .text.GUI_GetCharDistX
                0x10089420       0x14 Generated_Source\PSoC6\pdl\middleware\emWin\libs\GCC\libemWin_nosnts_gcc.a(GUI_Char.o)
                0x10089420                GUI_GetCharDistX
 .text.GUI_GetCharDistXEx